2024-07-25 10:33:13,138 - werkzeug - INFO - [31m[1mWARNING: This is a development server. Do not use it in a production deployment. Use a production WSGI server instead.[0m
 * Running on http://127.0.0.1:5000
2024-07-25 10:33:13,138 - werkzeug - INFO - [31m[1mWARNING: This is a development server. Do not use it in a production deployment. Use a production WSGI server instead.[0m
 * Running on http://127.0.0.1:5000
2024-07-25 10:33:13,138 - werkzeug - INFO - [33mPress CTRL+C to quit[0m
2024-07-25 10:33:13,138 - werkzeug - INFO - [33mPress CTRL+C to quit[0m
2024-07-25 10:34:44,240 - werkzeug - INFO - [31m[1mWARNING: This is a development server. Do not use it in a production deployment. Use a production WSGI server instead.[0m
 * Running on http://127.0.0.1:5000
2024-07-25 10:34:44,240 - werkzeug - INFO - [31m[1mWARNING: This is a development server. Do not use it in a production deployment. Use a production WSGI server instead.[0m
 * Running on http://127.0.0.1:5000
2024-07-25 10:34:44,243 - werkzeug - INFO - [33mPress CTRL+C to quit[0m
2024-07-25 10:34:44,243 - werkzeug - INFO - [33mPress CTRL+C to quit[0m
2024-07-25 10:34:53,748 - werkzeug - INFO - 127.0.0.1 - - [25/Jul/2024 10:34:53] "POST /filtermanager/auth/login HTTP/1.1" 200 -
2024-07-25 10:34:53,748 - werkzeug - INFO - 127.0.0.1 - - [25/Jul/2024 10:34:53] "POST /filtermanager/auth/login HTTP/1.1" 200 -
2024-07-25 10:35:09,336 - werkzeug - INFO - 127.0.0.1 - - [25/Jul/2024 10:35:09] "POST /filtermanager/backupmanager/backup HTTP/1.1" 200 -
2024-07-25 10:35:09,336 - werkzeug - INFO - 127.0.0.1 - - [25/Jul/2024 10:35:09] "POST /filtermanager/backupmanager/backup HTTP/1.1" 200 -
2024-07-25 19:10:52,814 - werkzeug - INFO - [31m[1mWARNING: This is a development server. Do not use it in a production deployment. Use a production WSGI server instead.[0m
 * Running on http://127.0.0.1:5000
2024-07-25 19:10:52,814 - werkzeug - INFO - [31m[1mWARNING: This is a development server. Do not use it in a production deployment. Use a production WSGI server instead.[0m
 * Running on http://127.0.0.1:5000
2024-07-25 19:10:52,815 - werkzeug - INFO - [33mPress CTRL+C to quit[0m
2024-07-25 19:10:52,815 - werkzeug - INFO - [33mPress CTRL+C to quit[0m
2024-07-25 19:11:09,675 - werkzeug - INFO - 127.0.0.1 - - [25/Jul/2024 19:11:09] "[35m[1mPOST /filtermanager/auth/login HTTP/1.1[0m" 500 -
2024-07-25 19:11:09,675 - werkzeug - INFO - 127.0.0.1 - - [25/Jul/2024 19:11:09] "[35m[1mPOST /filtermanager/auth/login HTTP/1.1[0m" 500 -
2024-07-25 19:12:17,289 - werkzeug - INFO - [31m[1mWARNING: This is a development server. Do not use it in a production deployment. Use a production WSGI server instead.[0m
 * Running on http://127.0.0.1:5000
2024-07-25 19:12:17,289 - werkzeug - INFO - [31m[1mWARNING: This is a development server. Do not use it in a production deployment. Use a production WSGI server instead.[0m
 * Running on http://127.0.0.1:5000
2024-07-25 19:12:17,290 - werkzeug - INFO - [33mPress CTRL+C to quit[0m
2024-07-25 19:12:17,290 - werkzeug - INFO - [33mPress CTRL+C to quit[0m
2024-07-25 19:12:20,462 - werkzeug - INFO - 127.0.0.1 - - [25/Jul/2024 19:12:20] "POST /filtermanager/auth/login HTTP/1.1" 200 -
2024-07-25 19:12:20,462 - werkzeug - INFO - 127.0.0.1 - - [25/Jul/2024 19:12:20] "POST /filtermanager/auth/login HTTP/1.1" 200 -
2024-07-25 19:12:31,781 - werkzeug - INFO - [31m[1mWARNING: This is a development server. Do not use it in a production deployment. Use a production WSGI server instead.[0m
 * Running on http://127.0.0.1:5000
2024-07-25 19:12:31,781 - werkzeug - INFO - [31m[1mWARNING: This is a development server. Do not use it in a production deployment. Use a production WSGI server instead.[0m
 * Running on http://127.0.0.1:5000
2024-07-25 19:12:31,781 - werkzeug - INFO - [33mPress CTRL+C to quit[0m
2024-07-25 19:12:31,781 - werkzeug - INFO - [33mPress CTRL+C to quit[0m
2024-07-25 19:12:35,179 - werkzeug - INFO - 127.0.0.1 - - [25/Jul/2024 19:12:35] "[35m[1mPOST /filtermanager/auth/login HTTP/1.1[0m" 500 -
2024-07-25 19:12:35,179 - werkzeug - INFO - 127.0.0.1 - - [25/Jul/2024 19:12:35] "[35m[1mPOST /filtermanager/auth/login HTTP/1.1[0m" 500 -
2024-07-25 19:12:46,611 - werkzeug - INFO - [31m[1mWARNING: This is a development server. Do not use it in a production deployment. Use a production WSGI server instead.[0m
 * Running on http://127.0.0.1:5000
2024-07-25 19:12:46,611 - werkzeug - INFO - [31m[1mWARNING: This is a development server. Do not use it in a production deployment. Use a production WSGI server instead.[0m
 * Running on http://127.0.0.1:5000
2024-07-25 19:12:46,612 - werkzeug - INFO - [33mPress CTRL+C to quit[0m
2024-07-25 19:12:46,612 - werkzeug - INFO - [33mPress CTRL+C to quit[0m
2024-07-26 12:58:23,646 - werkzeug - INFO - [31m[1mWARNING: This is a development server. Do not use it in a production deployment. Use a production WSGI server instead.[0m
 * Running on http://127.0.0.1:5000
2024-07-26 12:58:23,646 - werkzeug - INFO - [31m[1mWARNING: This is a development server. Do not use it in a production deployment. Use a production WSGI server instead.[0m
 * Running on http://127.0.0.1:5000
2024-07-26 12:58:23,647 - werkzeug - INFO - [33mPress CTRL+C to quit[0m
2024-07-26 12:58:23,647 - werkzeug - INFO - [33mPress CTRL+C to quit[0m
2024-07-26 12:58:45,997 - werkzeug - INFO - [31m[1mWARNING: This is a development server. Do not use it in a production deployment. Use a production WSGI server instead.[0m
 * Running on http://127.0.0.1:5000
2024-07-26 12:58:45,997 - werkzeug - INFO - [31m[1mWARNING: This is a development server. Do not use it in a production deployment. Use a production WSGI server instead.[0m
 * Running on http://127.0.0.1:5000
2024-07-26 12:58:45,998 - werkzeug - INFO - [33mPress CTRL+C to quit[0m
2024-07-26 12:58:45,998 - werkzeug - INFO - [33mPress CTRL+C to quit[0m
2024-07-26 13:00:42,716 - werkzeug - INFO - 127.0.0.1 - - [26/Jul/2024 13:00:42] "[35m[1mPOST /filtermanager/auth/register HTTP/1.1[0m" 201 -
2024-07-26 13:00:42,716 - werkzeug - INFO - 127.0.0.1 - - [26/Jul/2024 13:00:42] "[35m[1mPOST /filtermanager/auth/register HTTP/1.1[0m" 201 -
2024-07-26 13:01:11,120 - werkzeug - INFO - 127.0.0.1 - - [26/Jul/2024 13:01:11] "[31m[1mPOST /filtermanager/auth/login HTTP/1.1[0m" 401 -
2024-07-26 13:01:11,120 - werkzeug - INFO - 127.0.0.1 - - [26/Jul/2024 13:01:11] "[31m[1mPOST /filtermanager/auth/login HTTP/1.1[0m" 401 -
2024-07-26 13:01:31,071 - werkzeug - INFO - [31m[1mWARNING: This is a development server. Do not use it in a production deployment. Use a production WSGI server instead.[0m
 * Running on http://127.0.0.1:5000
2024-07-26 13:01:31,071 - werkzeug - INFO - [31m[1mWARNING: This is a development server. Do not use it in a production deployment. Use a production WSGI server instead.[0m
 * Running on http://127.0.0.1:5000
2024-07-26 13:01:31,072 - werkzeug - INFO - [33mPress CTRL+C to quit[0m
2024-07-26 13:01:31,072 - werkzeug - INFO - [33mPress CTRL+C to quit[0m
2024-07-26 13:01:37,844 - werkzeug - INFO - 127.0.0.1 - - [26/Jul/2024 13:01:37] "[31m[1mPOST /filtermanager/auth/login HTTP/1.1[0m" 401 -
2024-07-26 13:01:37,844 - werkzeug - INFO - 127.0.0.1 - - [26/Jul/2024 13:01:37] "[31m[1mPOST /filtermanager/auth/login HTTP/1.1[0m" 401 -
2024-07-26 13:02:23,800 - werkzeug - INFO - 127.0.0.1 - - [26/Jul/2024 13:02:23] "[35m[1mPOST /filtermanager/auth/register HTTP/1.1[0m" 201 -
2024-07-26 13:02:23,800 - werkzeug - INFO - 127.0.0.1 - - [26/Jul/2024 13:02:23] "[35m[1mPOST /filtermanager/auth/register HTTP/1.1[0m" 201 -
2024-07-26 13:02:28,682 - werkzeug - INFO - 127.0.0.1 - - [26/Jul/2024 13:02:28] "GET /filtermanager/auth/verify/eyJhbGciOiJIUzI1NiIsInR5cCI6IkpXVCJ9.eyJleHAiOjE3MjE5OTE3NDIsInVzZXJfaWQiOiI3NzVjYTUzNS00YjRjLTQyNTEtOTYxNC0wY2JlMzkwN2I5ZmQifQ.sqEz5iCA2HJnJEvnXmz-TK5TKakTtR2x6-jsogl4ot4 HTTP/1.1" 200 -
2024-07-26 13:02:28,682 - werkzeug - INFO - 127.0.0.1 - - [26/Jul/2024 13:02:28] "GET /filtermanager/auth/verify/eyJhbGciOiJIUzI1NiIsInR5cCI6IkpXVCJ9.eyJleHAiOjE3MjE5OTE3NDIsInVzZXJfaWQiOiI3NzVjYTUzNS00YjRjLTQyNTEtOTYxNC0wY2JlMzkwN2I5ZmQifQ.sqEz5iCA2HJnJEvnXmz-TK5TKakTtR2x6-jsogl4ot4 HTTP/1.1" 200 -
2024-07-26 13:02:28,827 - werkzeug - INFO - 127.0.0.1 - - [26/Jul/2024 13:02:28] "[33mGET /favicon.ico HTTP/1.1[0m" 404 -
2024-07-26 13:02:28,827 - werkzeug - INFO - 127.0.0.1 - - [26/Jul/2024 13:02:28] "[33mGET /favicon.ico HTTP/1.1[0m" 404 -
2024-07-26 13:02:35,757 - werkzeug - INFO - 127.0.0.1 - - [26/Jul/2024 13:02:35] "POST /filtermanager/auth/login HTTP/1.1" 200 -
2024-07-26 13:02:35,757 - werkzeug - INFO - 127.0.0.1 - - [26/Jul/2024 13:02:35] "POST /filtermanager/auth/login HTTP/1.1" 200 -
2024-07-26 13:02:52,271 - werkzeug - INFO - 127.0.0.1 - - [26/Jul/2024 13:02:52] "POST /filtermanager/match HTTP/1.1" 200 -
2024-07-26 13:02:52,271 - werkzeug - INFO - 127.0.0.1 - - [26/Jul/2024 13:02:52] "POST /filtermanager/match HTTP/1.1" 200 -
2024-07-26 13:02:58,390 - werkzeug - INFO - 127.0.0.1 - - [26/Jul/2024 13:02:58] "POST /filtermanager/match HTTP/1.1" 200 -
2024-07-26 13:02:58,390 - werkzeug - INFO - 127.0.0.1 - - [26/Jul/2024 13:02:58] "POST /filtermanager/match HTTP/1.1" 200 -
2024-07-26 13:04:44,083 - werkzeug - INFO - 127.0.0.1 - - [26/Jul/2024 13:04:44] "[31m[1mPOST /filtermanager/auth/reset_password HTTP/1.1[0m" 401 -
2024-07-26 13:04:44,083 - werkzeug - INFO - 127.0.0.1 - - [26/Jul/2024 13:04:44] "[31m[1mPOST /filtermanager/auth/reset_password HTTP/1.1[0m" 401 -
2024-07-26 13:05:12,800 - werkzeug - INFO - 127.0.0.1 - - [26/Jul/2024 13:05:12] "POST /filtermanager/auth/reset_password HTTP/1.1" 200 -
2024-07-26 13:05:12,800 - werkzeug - INFO - 127.0.0.1 - - [26/Jul/2024 13:05:12] "POST /filtermanager/auth/reset_password HTTP/1.1" 200 -
2024-07-26 13:05:21,175 - werkzeug - INFO - 127.0.0.1 - - [26/Jul/2024 13:05:21] "GET /filtermanager/auth/update_password/eyJhbGciOiJIUzI1NiIsInR5cCI6IkpXVCJ9.eyJleHAiOjE3MjE5ODkyMTEsImVtYWlsIjoidHVuYXJhc2ltb2Nha0BnbWFpbC5jb20ifQ.zNgXhNDmrOCWIDVKZxrWUvANJILUPeHsyPuIxwMyRpw HTTP/1.1" 200 -
2024-07-26 13:05:21,175 - werkzeug - INFO - 127.0.0.1 - - [26/Jul/2024 13:05:21] "GET /filtermanager/auth/update_password/eyJhbGciOiJIUzI1NiIsInR5cCI6IkpXVCJ9.eyJleHAiOjE3MjE5ODkyMTEsImVtYWlsIjoidHVuYXJhc2ltb2Nha0BnbWFpbC5jb20ifQ.zNgXhNDmrOCWIDVKZxrWUvANJILUPeHsyPuIxwMyRpw HTTP/1.1" 200 -
2024-07-26 13:05:41,592 - werkzeug - INFO - 127.0.0.1 - - [26/Jul/2024 13:05:41] "POST /filtermanager/match HTTP/1.1" 200 -
2024-07-26 13:05:41,592 - werkzeug - INFO - 127.0.0.1 - - [26/Jul/2024 13:05:41] "POST /filtermanager/match HTTP/1.1" 200 -
2024-07-26 13:05:46,640 - werkzeug - INFO - 127.0.0.1 - - [26/Jul/2024 13:05:46] "[31m[1mPOST /filtermanager/auth/login HTTP/1.1[0m" 401 -
2024-07-26 13:05:46,640 - werkzeug - INFO - 127.0.0.1 - - [26/Jul/2024 13:05:46] "[31m[1mPOST /filtermanager/auth/login HTTP/1.1[0m" 401 -
2024-07-26 13:05:50,943 - werkzeug - INFO - 127.0.0.1 - - [26/Jul/2024 13:05:50] "POST /filtermanager/auth/login HTTP/1.1" 200 -
2024-07-26 13:05:50,943 - werkzeug - INFO - 127.0.0.1 - - [26/Jul/2024 13:05:50] "POST /filtermanager/auth/login HTTP/1.1" 200 -
2024-07-26 13:05:55,462 - werkzeug - INFO - 127.0.0.1 - - [26/Jul/2024 13:05:55] "POST /filtermanager/match HTTP/1.1" 200 -
2024-07-26 13:05:55,462 - werkzeug - INFO - 127.0.0.1 - - [26/Jul/2024 13:05:55] "POST /filtermanager/match HTTP/1.1" 200 -
2024-07-27 11:22:31,995 - werkzeug - INFO - [31m[1mWARNING: This is a development server. Do not use it in a production deployment. Use a production WSGI server instead.[0m
 * Running on http://127.0.0.1:5000
2024-07-27 11:22:31,995 - werkzeug - INFO - [31m[1mWARNING: This is a development server. Do not use it in a production deployment. Use a production WSGI server instead.[0m
 * Running on http://127.0.0.1:5000
2024-07-27 11:22:31,996 - werkzeug - INFO - [33mPress CTRL+C to quit[0m
2024-07-27 11:22:31,996 - werkzeug - INFO - [33mPress CTRL+C to quit[0m
2024-07-27 11:27:04,036 - werkzeug - INFO - [31m[1mWARNING: This is a development server. Do not use it in a production deployment. Use a production WSGI server instead.[0m
 * Running on http://127.0.0.1:5000
2024-07-27 11:27:04,036 - werkzeug - INFO - [31m[1mWARNING: This is a development server. Do not use it in a production deployment. Use a production WSGI server instead.[0m
 * Running on http://127.0.0.1:5000
2024-07-27 11:27:04,037 - werkzeug - INFO - [33mPress CTRL+C to quit[0m
2024-07-27 11:27:04,037 - werkzeug - INFO - [33mPress CTRL+C to quit[0m
2024-07-27 11:30:02,763 - werkzeug - INFO - 127.0.0.1 - - [27/Jul/2024 11:30:02] "[35m[1mPOST /filtermanager/auth/register HTTP/1.1[0m" 201 -
2024-07-27 11:30:02,763 - werkzeug - INFO - 127.0.0.1 - - [27/Jul/2024 11:30:02] "[35m[1mPOST /filtermanager/auth/register HTTP/1.1[0m" 201 -
2024-07-27 11:30:31,568 - werkzeug - INFO - 127.0.0.1 - - [27/Jul/2024 11:30:31] "[31m[1mPOST /filtermanager/auth/login HTTP/1.1[0m" 401 -
2024-07-27 11:30:31,568 - werkzeug - INFO - 127.0.0.1 - - [27/Jul/2024 11:30:31] "[31m[1mPOST /filtermanager/auth/login HTTP/1.1[0m" 401 -
2024-07-27 11:30:38,486 - werkzeug - INFO - 127.0.0.1 - - [27/Jul/2024 11:30:38] "GET /filtermanager/auth/verify/eyJhbGciOiJIUzI1NiIsInR5cCI6IkpXVCJ9.eyJleHAiOjE3MjIwNzI2MDEsInVzZXJfaWQiOiI1OWJiOWZlYy1kMmRmLTQ4NWMtOGJiOS0zZGJhOTRjZDU1ZWMifQ.JlOkVycZH4unCTwVK7RSflXw2KY60OpVCnSZ5vPkiw0 HTTP/1.1" 200 -
2024-07-27 11:30:38,486 - werkzeug - INFO - 127.0.0.1 - - [27/Jul/2024 11:30:38] "GET /filtermanager/auth/verify/eyJhbGciOiJIUzI1NiIsInR5cCI6IkpXVCJ9.eyJleHAiOjE3MjIwNzI2MDEsInVzZXJfaWQiOiI1OWJiOWZlYy1kMmRmLTQ4NWMtOGJiOS0zZGJhOTRjZDU1ZWMifQ.JlOkVycZH4unCTwVK7RSflXw2KY60OpVCnSZ5vPkiw0 HTTP/1.1" 200 -
2024-07-27 11:30:38,640 - werkzeug - INFO - 127.0.0.1 - - [27/Jul/2024 11:30:38] "[33mGET /favicon.ico HTTP/1.1[0m" 404 -
2024-07-27 11:30:38,640 - werkzeug - INFO - 127.0.0.1 - - [27/Jul/2024 11:30:38] "[33mGET /favicon.ico HTTP/1.1[0m" 404 -
2024-07-27 11:31:04,561 - werkzeug - INFO - 127.0.0.1 - - [27/Jul/2024 11:31:04] "POST /filtermanager/auth/login HTTP/1.1" 200 -
2024-07-27 11:31:04,561 - werkzeug - INFO - 127.0.0.1 - - [27/Jul/2024 11:31:04] "POST /filtermanager/auth/login HTTP/1.1" 200 -
2024-07-28 10:45:44,301 - werkzeug - INFO - [31m[1mWARNING: This is a development server. Do not use it in a production deployment. Use a production WSGI server instead.[0m
 * Running on http://127.0.0.1:5000
2024-07-28 10:45:44,301 - werkzeug - INFO - [31m[1mWARNING: This is a development server. Do not use it in a production deployment. Use a production WSGI server instead.[0m
 * Running on http://127.0.0.1:5000
2024-07-28 10:45:44,303 - werkzeug - INFO - [33mPress CTRL+C to quit[0m
2024-07-28 10:45:44,303 - werkzeug - INFO - [33mPress CTRL+C to quit[0m
2024-07-28 10:47:34,208 - werkzeug - INFO - 127.0.0.1 - - [28/Jul/2024 10:47:34] "[33mGET /filtermanager/admin/activity_report HTTP/1.1[0m" 404 -
2024-07-28 10:47:34,208 - werkzeug - INFO - 127.0.0.1 - - [28/Jul/2024 10:47:34] "[33mGET /filtermanager/admin/activity_report HTTP/1.1[0m" 404 -
2024-07-28 10:47:52,633 - werkzeug - INFO - 127.0.0.1 - - [28/Jul/2024 10:47:52] "[33mGET /filtermanager/admin/activity_report HTTP/1.1[0m" 404 -
2024-07-28 10:47:52,633 - werkzeug - INFO - 127.0.0.1 - - [28/Jul/2024 10:47:52] "[33mGET /filtermanager/admin/activity_report HTTP/1.1[0m" 404 -
2024-07-28 10:49:15,976 - werkzeug - INFO - [31m[1mWARNING: This is a development server. Do not use it in a production deployment. Use a production WSGI server instead.[0m
 * Running on http://127.0.0.1:5000
2024-07-28 10:49:15,976 - werkzeug - INFO - [31m[1mWARNING: This is a development server. Do not use it in a production deployment. Use a production WSGI server instead.[0m
 * Running on http://127.0.0.1:5000
2024-07-28 10:49:15,976 - werkzeug - INFO - [33mPress CTRL+C to quit[0m
2024-07-28 10:49:15,976 - werkzeug - INFO - [33mPress CTRL+C to quit[0m
2024-07-28 10:49:19,083 - werkzeug - INFO - 127.0.0.1 - - [28/Jul/2024 10:49:19] "[31m[1mGET /filtermanager/admin/activity_report HTTP/1.1[0m" 401 -
2024-07-28 10:49:19,083 - werkzeug - INFO - 127.0.0.1 - - [28/Jul/2024 10:49:19] "[31m[1mGET /filtermanager/admin/activity_report HTTP/1.1[0m" 401 -
2024-07-28 10:49:26,926 - werkzeug - INFO - 127.0.0.1 - - [28/Jul/2024 10:49:26] "POST /filtermanager/auth/login HTTP/1.1" 200 -
2024-07-28 10:49:26,926 - werkzeug - INFO - 127.0.0.1 - - [28/Jul/2024 10:49:26] "POST /filtermanager/auth/login HTTP/1.1" 200 -
2024-07-28 10:49:46,641 - werkzeug - INFO - 127.0.0.1 - - [28/Jul/2024 10:49:46] "[31m[1mGET /filtermanager/admin/activity_report HTTP/1.1[0m" 403 -
2024-07-28 10:49:46,641 - werkzeug - INFO - 127.0.0.1 - - [28/Jul/2024 10:49:46] "[31m[1mGET /filtermanager/admin/activity_report HTTP/1.1[0m" 403 -
2024-07-28 10:50:06,747 - werkzeug - INFO - 127.0.0.1 - - [28/Jul/2024 10:50:06] "[31m[1mGET /filtermanager/admin/activity_report HTTP/1.1[0m" 403 -
2024-07-28 10:50:06,747 - werkzeug - INFO - 127.0.0.1 - - [28/Jul/2024 10:50:06] "[31m[1mGET /filtermanager/admin/activity_report HTTP/1.1[0m" 403 -
2024-07-28 11:06:44,261 - werkzeug - INFO - [31m[1mWARNING: This is a development server. Do not use it in a production deployment. Use a production WSGI server instead.[0m
 * Running on http://127.0.0.1:5000
2024-07-28 11:06:44,261 - werkzeug - INFO - [31m[1mWARNING: This is a development server. Do not use it in a production deployment. Use a production WSGI server instead.[0m
 * Running on http://127.0.0.1:5000
2024-07-28 11:06:44,262 - werkzeug - INFO - [33mPress CTRL+C to quit[0m
2024-07-28 11:06:44,262 - werkzeug - INFO - [33mPress CTRL+C to quit[0m
2024-07-28 11:08:20,896 - werkzeug - INFO - [31m[1mWARNING: This is a development server. Do not use it in a production deployment. Use a production WSGI server instead.[0m
 * Running on http://127.0.0.1:5000
2024-07-28 11:08:20,896 - werkzeug - INFO - [31m[1mWARNING: This is a development server. Do not use it in a production deployment. Use a production WSGI server instead.[0m
 * Running on http://127.0.0.1:5000
2024-07-28 11:08:20,897 - werkzeug - INFO - [33mPress CTRL+C to quit[0m
2024-07-28 11:08:20,897 - werkzeug - INFO - [33mPress CTRL+C to quit[0m
2024-07-28 11:09:32,197 - werkzeug - INFO - 127.0.0.1 - - [28/Jul/2024 11:09:32] "[31m[1mGET /filtermanager/admin/activity_report HTTP/1.1[0m" 401 -
2024-07-28 11:09:32,197 - werkzeug - INFO - 127.0.0.1 - - [28/Jul/2024 11:09:32] "[31m[1mGET /filtermanager/admin/activity_report HTTP/1.1[0m" 401 -
2024-07-28 11:09:40,917 - werkzeug - INFO - 127.0.0.1 - - [28/Jul/2024 11:09:40] "POST /filtermanager/auth/login HTTP/1.1" 200 -
2024-07-28 11:09:40,917 - werkzeug - INFO - 127.0.0.1 - - [28/Jul/2024 11:09:40] "POST /filtermanager/auth/login HTTP/1.1" 200 -
2024-07-28 11:10:41,097 - werkzeug - INFO - 127.0.0.1 - - [28/Jul/2024 11:10:41] "[31m[1mGET /filtermanager/admin/activity_report HTTP/1.1[0m" 403 -
2024-07-28 11:10:41,097 - werkzeug - INFO - 127.0.0.1 - - [28/Jul/2024 11:10:41] "[31m[1mGET /filtermanager/admin/activity_report HTTP/1.1[0m" 403 -
2024-07-28 11:11:15,820 - werkzeug - INFO - 127.0.0.1 - - [28/Jul/2024 11:11:15] "[31m[1mPUT /filtermanager/auth/update_info HTTP/1.1[0m" 401 -
2024-07-28 11:11:15,820 - werkzeug - INFO - 127.0.0.1 - - [28/Jul/2024 11:11:15] "[31m[1mPUT /filtermanager/auth/update_info HTTP/1.1[0m" 401 -
2024-07-28 11:11:21,214 - werkzeug - INFO - 127.0.0.1 - - [28/Jul/2024 11:11:21] "[31m[1mPUT /filtermanager/auth/update_info HTTP/1.1[0m" 400 -
2024-07-28 11:11:21,214 - werkzeug - INFO - 127.0.0.1 - - [28/Jul/2024 11:11:21] "[31m[1mPUT /filtermanager/auth/update_info HTTP/1.1[0m" 400 -
2024-07-28 11:11:37,661 - werkzeug - INFO - 127.0.0.1 - - [28/Jul/2024 11:11:37] "[31m[1mPUT /filtermanager/auth/update_info HTTP/1.1[0m" 400 -
2024-07-28 11:11:37,661 - werkzeug - INFO - 127.0.0.1 - - [28/Jul/2024 11:11:37] "[31m[1mPUT /filtermanager/auth/update_info HTTP/1.1[0m" 400 -
2024-07-28 11:13:33,418 - werkzeug - INFO - [31m[1mWARNING: This is a development server. Do not use it in a production deployment. Use a production WSGI server instead.[0m
 * Running on http://127.0.0.1:5000
2024-07-28 11:13:33,418 - werkzeug - INFO - [31m[1mWARNING: This is a development server. Do not use it in a production deployment. Use a production WSGI server instead.[0m
 * Running on http://127.0.0.1:5000
2024-07-28 11:13:33,420 - werkzeug - INFO - [33mPress CTRL+C to quit[0m
2024-07-28 11:13:33,420 - werkzeug - INFO - [33mPress CTRL+C to quit[0m
2024-07-28 11:13:53,241 - werkzeug - INFO - 127.0.0.1 - - [28/Jul/2024 11:13:53] "[31m[1mPUT /filtermanager/auth/update_info HTTP/1.1[0m" 401 -
2024-07-28 11:13:53,241 - werkzeug - INFO - 127.0.0.1 - - [28/Jul/2024 11:13:53] "[31m[1mPUT /filtermanager/auth/update_info HTTP/1.1[0m" 401 -
2024-07-28 11:13:59,949 - werkzeug - INFO - 127.0.0.1 - - [28/Jul/2024 11:13:59] "POST /filtermanager/auth/login HTTP/1.1" 200 -
2024-07-28 11:13:59,949 - werkzeug - INFO - 127.0.0.1 - - [28/Jul/2024 11:13:59] "POST /filtermanager/auth/login HTTP/1.1" 200 -
2024-07-28 11:14:12,139 - werkzeug - INFO - 127.0.0.1 - - [28/Jul/2024 11:14:12] "PUT /filtermanager/auth/update_info HTTP/1.1" 200 -
2024-07-28 11:14:12,139 - werkzeug - INFO - 127.0.0.1 - - [28/Jul/2024 11:14:12] "PUT /filtermanager/auth/update_info HTTP/1.1" 200 -
2024-07-28 11:17:23,025 - werkzeug - INFO - 127.0.0.1 - - [28/Jul/2024 11:17:23] "POST /filtermanager/auth/reset_password HTTP/1.1" 200 -
2024-07-28 11:17:23,025 - werkzeug - INFO - 127.0.0.1 - - [28/Jul/2024 11:17:23] "POST /filtermanager/auth/reset_password HTTP/1.1" 200 -
2024-07-28 11:17:27,797 - werkzeug - INFO - 127.0.0.1 - - [28/Jul/2024 11:17:27] "GET /filtermanager/auth/update_password/eyJhbGciOiJIUzI1NiIsInR5cCI6IkpXVCJ9.eyJleHAiOjE3MjIxNTU1NDIsImVtYWlsIjoidHVuYXJhc2ltb2Nha0BnbWFpbC5jb20ifQ.q-4mzSjwU-cNmxTXpZqSB1tfZbe3FV9Yb7jC1ofypu0 HTTP/1.1" 200 -
2024-07-28 11:17:27,797 - werkzeug - INFO - 127.0.0.1 - - [28/Jul/2024 11:17:27] "GET /filtermanager/auth/update_password/eyJhbGciOiJIUzI1NiIsInR5cCI6IkpXVCJ9.eyJleHAiOjE3MjIxNTU1NDIsImVtYWlsIjoidHVuYXJhc2ltb2Nha0BnbWFpbC5jb20ifQ.q-4mzSjwU-cNmxTXpZqSB1tfZbe3FV9Yb7jC1ofypu0 HTTP/1.1" 200 -
2024-07-28 11:17:27,947 - werkzeug - INFO - 127.0.0.1 - - [28/Jul/2024 11:17:27] "[33mGET /favicon.ico HTTP/1.1[0m" 404 -
2024-07-28 11:17:27,947 - werkzeug - INFO - 127.0.0.1 - - [28/Jul/2024 11:17:27] "[33mGET /favicon.ico HTTP/1.1[0m" 404 -
2024-07-28 11:17:39,479 - werkzeug - INFO - 127.0.0.1 - - [28/Jul/2024 11:17:39] "POST /filtermanager/auth/login HTTP/1.1" 200 -
2024-07-28 11:17:39,479 - werkzeug - INFO - 127.0.0.1 - - [28/Jul/2024 11:17:39] "POST /filtermanager/auth/login HTTP/1.1" 200 -
2024-07-28 11:19:11,526 - werkzeug - INFO - 127.0.0.1 - - [28/Jul/2024 11:19:11] "GET /filtermanager/auth/export_data HTTP/1.1" 200 -
2024-07-28 11:19:11,526 - werkzeug - INFO - 127.0.0.1 - - [28/Jul/2024 11:19:11] "GET /filtermanager/auth/export_data HTTP/1.1" 200 -
2024-07-28 11:24:29,222 - werkzeug - INFO - 127.0.0.1 - - [28/Jul/2024 11:24:29] "GET /filtermanager/auth/export_data HTTP/1.1" 200 -
2024-07-28 11:24:29,222 - werkzeug - INFO - 127.0.0.1 - - [28/Jul/2024 11:24:29] "GET /filtermanager/auth/export_data HTTP/1.1" 200 -
2024-07-28 11:24:45,642 - werkzeug - INFO - [31m[1mWARNING: This is a development server. Do not use it in a production deployment. Use a production WSGI server instead.[0m
 * Running on http://127.0.0.1:5000
2024-07-28 11:24:45,642 - werkzeug - INFO - [31m[1mWARNING: This is a development server. Do not use it in a production deployment. Use a production WSGI server instead.[0m
 * Running on http://127.0.0.1:5000
2024-07-28 11:24:45,642 - werkzeug - INFO - [33mPress CTRL+C to quit[0m
2024-07-28 11:24:45,642 - werkzeug - INFO - [33mPress CTRL+C to quit[0m
2024-07-28 11:24:49,073 - werkzeug - INFO - 127.0.0.1 - - [28/Jul/2024 11:24:49] "POST /filtermanager/auth/login HTTP/1.1" 200 -
2024-07-28 11:24:49,073 - werkzeug - INFO - 127.0.0.1 - - [28/Jul/2024 11:24:49] "POST /filtermanager/auth/login HTTP/1.1" 200 -
2024-07-28 11:25:03,734 - werkzeug - INFO - 127.0.0.1 - - [28/Jul/2024 11:25:03] "GET /filtermanager/auth/export_data HTTP/1.1" 200 -
2024-07-28 11:25:03,734 - werkzeug - INFO - 127.0.0.1 - - [28/Jul/2024 11:25:03] "GET /filtermanager/auth/export_data HTTP/1.1" 200 -
2024-07-29 12:40:17,954 - werkzeug - INFO - [31m[1mWARNING: This is a development server. Do not use it in a production deployment. Use a production WSGI server instead.[0m
 * Running on http://127.0.0.1:5000
2024-07-29 12:40:17,954 - werkzeug - INFO - [31m[1mWARNING: This is a development server. Do not use it in a production deployment. Use a production WSGI server instead.[0m
 * Running on http://127.0.0.1:5000
2024-07-29 12:40:17,955 - werkzeug - INFO - [33mPress CTRL+C to quit[0m
2024-07-29 12:40:17,955 - werkzeug - INFO - [33mPress CTRL+C to quit[0m
2024-07-29 12:43:29,082 - werkzeug - INFO - 127.0.0.1 - - [29/Jul/2024 12:43:29] "[31m[1mPOST /filtermanager/auth/register HTTP/1.1[0m" 400 -
2024-07-29 12:43:29,082 - werkzeug - INFO - 127.0.0.1 - - [29/Jul/2024 12:43:29] "[31m[1mPOST /filtermanager/auth/register HTTP/1.1[0m" 400 -
2024-07-29 12:43:36,459 - werkzeug - INFO - 127.0.0.1 - - [29/Jul/2024 12:43:36] "[35m[1mPOST /filtermanager/auth/register HTTP/1.1[0m" 201 -
2024-07-29 12:43:36,459 - werkzeug - INFO - 127.0.0.1 - - [29/Jul/2024 12:43:36] "[35m[1mPOST /filtermanager/auth/register HTTP/1.1[0m" 201 -
2024-07-29 12:43:46,503 - werkzeug - INFO - 127.0.0.1 - - [29/Jul/2024 12:43:46] "GET /filtermanager/auth/verify/eyJhbGciOiJIUzI1NiIsInR5cCI6IkpXVCJ9.eyJleHAiOjE3MjIyNDk4MTUsInVzZXJfaWQiOiJjNDBmNzk1NC05ZmM0LTQxNmItOWZiYS03NDVhYjAyOWEwZjEifQ.EHpX4fpQsfa_3jXJN0eQ1-OsvlEBINC4w1SrI3Tx77A HTTP/1.1" 200 -
2024-07-29 12:43:46,503 - werkzeug - INFO - 127.0.0.1 - - [29/Jul/2024 12:43:46] "GET /filtermanager/auth/verify/eyJhbGciOiJIUzI1NiIsInR5cCI6IkpXVCJ9.eyJleHAiOjE3MjIyNDk4MTUsInVzZXJfaWQiOiJjNDBmNzk1NC05ZmM0LTQxNmItOWZiYS03NDVhYjAyOWEwZjEifQ.EHpX4fpQsfa_3jXJN0eQ1-OsvlEBINC4w1SrI3Tx77A HTTP/1.1" 200 -
2024-07-29 12:43:46,655 - werkzeug - INFO - 127.0.0.1 - - [29/Jul/2024 12:43:46] "[33mGET /favicon.ico HTTP/1.1[0m" 404 -
2024-07-29 12:43:46,655 - werkzeug - INFO - 127.0.0.1 - - [29/Jul/2024 12:43:46] "[33mGET /favicon.ico HTTP/1.1[0m" 404 -
2024-07-29 12:43:56,200 - werkzeug - INFO - 127.0.0.1 - - [29/Jul/2024 12:43:56] "POST /filtermanager/auth/login HTTP/1.1" 200 -
2024-07-29 12:43:56,200 - werkzeug - INFO - 127.0.0.1 - - [29/Jul/2024 12:43:56] "POST /filtermanager/auth/login HTTP/1.1" 200 -
2024-07-29 12:44:09,735 - werkzeug - INFO - 127.0.0.1 - - [29/Jul/2024 12:44:09] "[31m[1mGET /filtermanager/admin/activity_report HTTP/1.1[0m" 403 -
2024-07-29 12:44:09,735 - werkzeug - INFO - 127.0.0.1 - - [29/Jul/2024 12:44:09] "[31m[1mGET /filtermanager/admin/activity_report HTTP/1.1[0m" 403 -
2024-07-29 12:44:18,638 - werkzeug - INFO - 127.0.0.1 - - [29/Jul/2024 12:44:18] "GET /filtermanager/auth/export_data HTTP/1.1" 200 -
2024-07-29 12:44:18,638 - werkzeug - INFO - 127.0.0.1 - - [29/Jul/2024 12:44:18] "GET /filtermanager/auth/export_data HTTP/1.1" 200 -
2024-07-29 12:45:29,713 - werkzeug - INFO - 127.0.0.1 - - [29/Jul/2024 12:45:29] "[31m[1mGET /filtermanager/admin/activity_report HTTP/1.1[0m" 400 -
2024-07-29 12:45:29,713 - werkzeug - INFO - 127.0.0.1 - - [29/Jul/2024 12:45:29] "[31m[1mGET /filtermanager/admin/activity_report HTTP/1.1[0m" 400 -
2024-07-29 12:46:22,628 - werkzeug - INFO - 127.0.0.1 - - [29/Jul/2024 12:46:22] "[31m[1mGET /filtermanager/admin/activity_report HTTP/1.1[0m" 400 -
2024-07-29 12:46:22,628 - werkzeug - INFO - 127.0.0.1 - - [29/Jul/2024 12:46:22] "[31m[1mGET /filtermanager/admin/activity_report HTTP/1.1[0m" 400 -
2024-07-29 12:46:44,053 - werkzeug - INFO - 127.0.0.1 - - [29/Jul/2024 12:46:44] "[31m[1mGET /filtermanager/admin/activity_report HTTP/1.1[0m" 400 -
2024-07-29 12:46:44,053 - werkzeug - INFO - 127.0.0.1 - - [29/Jul/2024 12:46:44] "[31m[1mGET /filtermanager/admin/activity_report HTTP/1.1[0m" 400 -
2024-07-29 12:46:49,458 - werkzeug - INFO - 127.0.0.1 - - [29/Jul/2024 12:46:49] "[31m[1mGET /filtermanager/admin/activity_report HTTP/1.1[0m" 400 -
2024-07-29 12:46:49,458 - werkzeug - INFO - 127.0.0.1 - - [29/Jul/2024 12:46:49] "[31m[1mGET /filtermanager/admin/activity_report HTTP/1.1[0m" 400 -
2024-07-29 12:52:43,302 - werkzeug - INFO - 127.0.0.1 - - [29/Jul/2024 12:52:43] "[31m[1mGET /filtermanager/admin/activity_report HTTP/1.1[0m" 401 -
2024-07-29 12:52:43,302 - werkzeug - INFO - 127.0.0.1 - - [29/Jul/2024 12:52:43] "[31m[1mGET /filtermanager/admin/activity_report HTTP/1.1[0m" 401 -
2024-07-29 12:52:49,869 - werkzeug - INFO - 127.0.0.1 - - [29/Jul/2024 12:52:49] "POST /filtermanager/auth/login HTTP/1.1" 200 -
2024-07-29 12:52:49,869 - werkzeug - INFO - 127.0.0.1 - - [29/Jul/2024 12:52:49] "POST /filtermanager/auth/login HTTP/1.1" 200 -
2024-07-29 12:53:10,351 - werkzeug - INFO - 127.0.0.1 - - [29/Jul/2024 12:53:10] "[31m[1mGET /filtermanager/admin/activity_report HTTP/1.1[0m" 400 -
2024-07-29 12:53:10,351 - werkzeug - INFO - 127.0.0.1 - - [29/Jul/2024 12:53:10] "[31m[1mGET /filtermanager/admin/activity_report HTTP/1.1[0m" 400 -
2024-07-29 12:53:55,985 - app - ERROR - Exception on /filtermanager/admin/activity_report [GET]
Traceback (most recent call last):
  File "T:\TunaProjects\FilterSortModules\venv\Lib\site-packages\flask\app.py", line 1473, in wsgi_app
    response = self.full_dispatch_request()
               ^^^^^^^^^^^^^^^^^^^^^^^^^^^^
  File "T:\TunaProjects\FilterSortModules\venv\Lib\site-packages\flask\app.py", line 882, in full_dispatch_request
    rv = self.handle_user_exception(e)
         ^^^^^^^^^^^^^^^^^^^^^^^^^^^^^
  File "T:\TunaProjects\FilterSortModules\venv\Lib\site-packages\flask\app.py", line 880, in full_dispatch_request
    rv = self.dispatch_request()
         ^^^^^^^^^^^^^^^^^^^^^^^
  File "T:\TunaProjects\FilterSortModules\venv\Lib\site-packages\flask\app.py", line 865, in dispatch_request
    return self.ensure_sync(self.view_functions[rule.endpoint])(**view_args)  # type: ignore[no-any-return]
           ^^^^^^^^^^^^^^^^^^^^^^^^^^^^^^^^^^^^^^^^^^^^^^^^^^^^^^^^^^^^^^^^^
  File "T:\TunaProjects\FilterSortModules\authentication\permissionsmanager\permissions.py", line 30, in wrapper
    return f(*args, **kwargs)
           ^^^^^^^^^^^^^^^^^^
  File "T:\TunaProjects\FilterSortModules\adminsystem\adminapi.py", line 55, in generate_report
    return send_file(
           ^^^^^^^^^^
  File "T:\TunaProjects\FilterSortModules\venv\Lib\site-packages\flask\helpers.py", line 499, in send_file
    return werkzeug.utils.send_file(  # type: ignore[return-value]
           ^^^^^^^^^^^^^^^^^^^^^^^^^^^^^^^^^^^^^^^^^^^^^^^^^^^^^^^
  File "T:\TunaProjects\FilterSortModules\venv\Lib\site-packages\werkzeug\utils.py", line 484, in send_file
    raise ValueError("Files must be opened in binary mode or use BytesIO.")
ValueError: Files must be opened in binary mode or use BytesIO.
------------------------------------------------------------
2024-07-29 12:53:55,985 - app - ERROR - Exception on /filtermanager/admin/activity_report [GET]
Traceback (most recent call last):
  File "T:\TunaProjects\FilterSortModules\venv\Lib\site-packages\flask\app.py", line 1473, in wsgi_app
    response = self.full_dispatch_request()
               ^^^^^^^^^^^^^^^^^^^^^^^^^^^^
  File "T:\TunaProjects\FilterSortModules\venv\Lib\site-packages\flask\app.py", line 882, in full_dispatch_request
    rv = self.handle_user_exception(e)
         ^^^^^^^^^^^^^^^^^^^^^^^^^^^^^
  File "T:\TunaProjects\FilterSortModules\venv\Lib\site-packages\flask\app.py", line 880, in full_dispatch_request
    rv = self.dispatch_request()
         ^^^^^^^^^^^^^^^^^^^^^^^
  File "T:\TunaProjects\FilterSortModules\venv\Lib\site-packages\flask\app.py", line 865, in dispatch_request
    return self.ensure_sync(self.view_functions[rule.endpoint])(**view_args)  # type: ignore[no-any-return]
           ^^^^^^^^^^^^^^^^^^^^^^^^^^^^^^^^^^^^^^^^^^^^^^^^^^^^^^^^^^^^^^^^^
  File "T:\TunaProjects\FilterSortModules\authentication\permissionsmanager\permissions.py", line 30, in wrapper
    return f(*args, **kwargs)
           ^^^^^^^^^^^^^^^^^^
  File "T:\TunaProjects\FilterSortModules\adminsystem\adminapi.py", line 55, in generate_report
    return send_file(
           ^^^^^^^^^^
  File "T:\TunaProjects\FilterSortModules\venv\Lib\site-packages\flask\helpers.py", line 499, in send_file
    return werkzeug.utils.send_file(  # type: ignore[return-value]
           ^^^^^^^^^^^^^^^^^^^^^^^^^^^^^^^^^^^^^^^^^^^^^^^^^^^^^^^
  File "T:\TunaProjects\FilterSortModules\venv\Lib\site-packages\werkzeug\utils.py", line 484, in send_file
    raise ValueError("Files must be opened in binary mode or use BytesIO.")
ValueError: Files must be opened in binary mode or use BytesIO.
------------------------------------------------------------
2024-07-29 12:53:55,998 - werkzeug - INFO - 127.0.0.1 - - [29/Jul/2024 12:53:55] "[35m[1mGET /filtermanager/admin/activity_report?start_date=2024-07-28&end_date=2024-07-29 HTTP/1.1[0m" 500 -
2024-07-29 12:53:55,998 - werkzeug - INFO - 127.0.0.1 - - [29/Jul/2024 12:53:55] "[35m[1mGET /filtermanager/admin/activity_report?start_date=2024-07-28&end_date=2024-07-29 HTTP/1.1[0m" 500 -
2024-07-29 12:54:45,247 - werkzeug - INFO - [31m[1mWARNING: This is a development server. Do not use it in a production deployment. Use a production WSGI server instead.[0m
 * Running on http://127.0.0.1:5000
2024-07-29 12:54:45,247 - werkzeug - INFO - [31m[1mWARNING: This is a development server. Do not use it in a production deployment. Use a production WSGI server instead.[0m
 * Running on http://127.0.0.1:5000
2024-07-29 12:54:45,248 - werkzeug - INFO - [33mPress CTRL+C to quit[0m
2024-07-29 12:54:45,248 - werkzeug - INFO - [33mPress CTRL+C to quit[0m
2024-07-29 12:54:47,662 - werkzeug - INFO - 127.0.0.1 - - [29/Jul/2024 12:54:47] "POST /filtermanager/auth/login HTTP/1.1" 200 -
2024-07-29 12:54:47,662 - werkzeug - INFO - 127.0.0.1 - - [29/Jul/2024 12:54:47] "POST /filtermanager/auth/login HTTP/1.1" 200 -
2024-07-29 12:55:06,245 - werkzeug - INFO - 127.0.0.1 - - [29/Jul/2024 12:55:06] "GET /filtermanager/admin/activity_report?start_date=2024-07-28&end_date=2024-07-29 HTTP/1.1" 200 -
2024-07-29 12:55:06,245 - werkzeug - INFO - 127.0.0.1 - - [29/Jul/2024 12:55:06] "GET /filtermanager/admin/activity_report?start_date=2024-07-28&end_date=2024-07-29 HTTP/1.1" 200 -
2024-07-29 12:56:52,520 - werkzeug - INFO - 127.0.0.1 - - [29/Jul/2024 12:56:52] "GET /filtermanager/admin/activity_report?start_date=2024-07-28&end_date=2024-07-29 HTTP/1.1" 200 -
2024-07-29 12:56:52,520 - werkzeug - INFO - 127.0.0.1 - - [29/Jul/2024 12:56:52] "GET /filtermanager/admin/activity_report?start_date=2024-07-28&end_date=2024-07-29 HTTP/1.1" 200 -
2024-07-29 12:58:04,432 - werkzeug - INFO - 127.0.0.1 - - [29/Jul/2024 12:58:04] "GET /filtermanager/admin/activity_report?start_date=2024-07-28&end_date=2024-07-30 HTTP/1.1" 200 -
2024-07-29 12:58:04,432 - werkzeug - INFO - 127.0.0.1 - - [29/Jul/2024 12:58:04] "GET /filtermanager/admin/activity_report?start_date=2024-07-28&end_date=2024-07-30 HTTP/1.1" 200 -
2024-07-29 12:58:12,739 - werkzeug - INFO - 127.0.0.1 - - [29/Jul/2024 12:58:12] "GET /filtermanager/admin/activity_report?start_date=2024-07-28&end_date=2024-07-29 HTTP/1.1" 200 -
2024-07-29 12:58:12,739 - werkzeug - INFO - 127.0.0.1 - - [29/Jul/2024 12:58:12] "GET /filtermanager/admin/activity_report?start_date=2024-07-28&end_date=2024-07-29 HTTP/1.1" 200 -
2024-07-29 12:58:19,484 - werkzeug - INFO - 127.0.0.1 - - [29/Jul/2024 12:58:19] "GET /filtermanager/admin/activity_report?start_date=2024-07-27&end_date=2024-07-30 HTTP/1.1" 200 -
2024-07-29 12:58:19,484 - werkzeug - INFO - 127.0.0.1 - - [29/Jul/2024 12:58:19] "GET /filtermanager/admin/activity_report?start_date=2024-07-27&end_date=2024-07-30 HTTP/1.1" 200 -
2024-07-30 12:10:24,794 - werkzeug - INFO - [31m[1mWARNING: This is a development server. Do not use it in a production deployment. Use a production WSGI server instead.[0m
 * Running on http://127.0.0.1:5000
2024-07-30 12:10:24,794 - werkzeug - INFO - [31m[1mWARNING: This is a development server. Do not use it in a production deployment. Use a production WSGI server instead.[0m
 * Running on http://127.0.0.1:5000
2024-07-30 12:10:24,795 - werkzeug - INFO - [33mPress CTRL+C to quit[0m
2024-07-30 12:10:24,795 - werkzeug - INFO - [33mPress CTRL+C to quit[0m
2024-07-30 12:11:24,570 - werkzeug - INFO - 127.0.0.1 - - [30/Jul/2024 12:11:24] "[31m[1mPOST /filtermanager/auth/register HTTP/1.1[0m" 400 -
2024-07-30 12:11:24,570 - werkzeug - INFO - 127.0.0.1 - - [30/Jul/2024 12:11:24] "[31m[1mPOST /filtermanager/auth/register HTTP/1.1[0m" 400 -
2024-07-30 12:12:13,368 - werkzeug - INFO - 127.0.0.1 - - [30/Jul/2024 12:12:13] "[35m[1mPOST /filtermanager/auth/register HTTP/1.1[0m" 201 -
2024-07-30 12:12:13,368 - werkzeug - INFO - 127.0.0.1 - - [30/Jul/2024 12:12:13] "[35m[1mPOST /filtermanager/auth/register HTTP/1.1[0m" 201 -
2024-07-30 12:12:59,425 - werkzeug - INFO - [31m[1mWARNING: This is a development server. Do not use it in a production deployment. Use a production WSGI server instead.[0m
 * Running on http://127.0.0.1:5000
2024-07-30 12:12:59,425 - werkzeug - INFO - [31m[1mWARNING: This is a development server. Do not use it in a production deployment. Use a production WSGI server instead.[0m
 * Running on http://127.0.0.1:5000
2024-07-30 12:12:59,426 - werkzeug - INFO - [33mPress CTRL+C to quit[0m
2024-07-30 12:12:59,426 - werkzeug - INFO - [33mPress CTRL+C to quit[0m
2024-07-30 12:13:39,530 - werkzeug - INFO - 127.0.0.1 - - [30/Jul/2024 12:13:39] "[31m[1mPOST /filtermanager/auth/register HTTP/1.1[0m" 400 -
2024-07-30 12:13:39,530 - werkzeug - INFO - 127.0.0.1 - - [30/Jul/2024 12:13:39] "[31m[1mPOST /filtermanager/auth/register HTTP/1.1[0m" 400 -
2024-07-30 12:13:46,039 - werkzeug - INFO - 127.0.0.1 - - [30/Jul/2024 12:13:46] "[35m[1mPOST /filtermanager/auth/register HTTP/1.1[0m" 201 -
2024-07-30 12:13:46,039 - werkzeug - INFO - 127.0.0.1 - - [30/Jul/2024 12:13:46] "[35m[1mPOST /filtermanager/auth/register HTTP/1.1[0m" 201 -
2024-07-30 12:13:54,494 - werkzeug - INFO - 127.0.0.1 - - [30/Jul/2024 12:13:54] "GET /filtermanager/auth/verify/eyJhbGciOiJIUzI1NiIsInR5cCI6IkpXVCJ9.eyJleHAiOjE3MjIzMzQ0MjUsInVzZXJfaWQiOiJmZDE3YzE3Yi00NGU0LTQwODEtOWU4OC1iZWQ5MzhhZDU4MjkifQ.6i7OmaKhKOTcJGWhQEbfrErnnzijLsAuDOj5YE7y7_0 HTTP/1.1" 200 -
2024-07-30 12:13:54,494 - werkzeug - INFO - 127.0.0.1 - - [30/Jul/2024 12:13:54] "GET /filtermanager/auth/verify/eyJhbGciOiJIUzI1NiIsInR5cCI6IkpXVCJ9.eyJleHAiOjE3MjIzMzQ0MjUsInVzZXJfaWQiOiJmZDE3YzE3Yi00NGU0LTQwODEtOWU4OC1iZWQ5MzhhZDU4MjkifQ.6i7OmaKhKOTcJGWhQEbfrErnnzijLsAuDOj5YE7y7_0 HTTP/1.1" 200 -
2024-07-30 12:13:54,644 - werkzeug - INFO - 127.0.0.1 - - [30/Jul/2024 12:13:54] "[33mGET /favicon.ico HTTP/1.1[0m" 404 -
2024-07-30 12:13:54,644 - werkzeug - INFO - 127.0.0.1 - - [30/Jul/2024 12:13:54] "[33mGET /favicon.ico HTTP/1.1[0m" 404 -
2024-07-30 12:14:03,799 - werkzeug - INFO - 127.0.0.1 - - [30/Jul/2024 12:14:03] "POST /filtermanager/auth/login HTTP/1.1" 200 -
2024-07-30 12:14:03,799 - werkzeug - INFO - 127.0.0.1 - - [30/Jul/2024 12:14:03] "POST /filtermanager/auth/login HTTP/1.1" 200 -
2024-07-30 12:14:13,916 - werkzeug - INFO - 127.0.0.1 - - [30/Jul/2024 12:14:13] "[31m[1mGET /filtermanager/admin/activity_report?start_date=2024-07-27&end_date=2024-07-30 HTTP/1.1[0m" 401 -
2024-07-30 12:14:13,916 - werkzeug - INFO - 127.0.0.1 - - [30/Jul/2024 12:14:13] "[31m[1mGET /filtermanager/admin/activity_report?start_date=2024-07-27&end_date=2024-07-30 HTTP/1.1[0m" 401 -
2024-07-30 12:14:24,574 - werkzeug - INFO - 127.0.0.1 - - [30/Jul/2024 12:14:24] "[31m[1mGET /filtermanager/admin/activity_report?start_date=2024-07-27&end_date=2024-07-30 HTTP/1.1[0m" 403 -
2024-07-30 12:14:24,574 - werkzeug - INFO - 127.0.0.1 - - [30/Jul/2024 12:14:24] "[31m[1mGET /filtermanager/admin/activity_report?start_date=2024-07-27&end_date=2024-07-30 HTTP/1.1[0m" 403 -
2024-07-31 12:28:14,517 - werkzeug - INFO - [31m[1mWARNING: This is a development server. Do not use it in a production deployment. Use a production WSGI server instead.[0m
 * Running on http://127.0.0.1:5000
2024-07-31 12:28:14,517 - werkzeug - INFO - [31m[1mWARNING: This is a development server. Do not use it in a production deployment. Use a production WSGI server instead.[0m
 * Running on http://127.0.0.1:5000
2024-07-31 12:28:14,518 - werkzeug - INFO - [33mPress CTRL+C to quit[0m
2024-07-31 12:28:14,518 - werkzeug - INFO - [33mPress CTRL+C to quit[0m
2024-07-31 12:28:31,775 - werkzeug - INFO - 127.0.0.1 - - [31/Jul/2024 12:28:31] "POST /filtermanager/auth/login HTTP/1.1" 200 -
2024-07-31 12:28:31,775 - werkzeug - INFO - 127.0.0.1 - - [31/Jul/2024 12:28:31] "POST /filtermanager/auth/login HTTP/1.1" 200 -
2024-07-31 12:28:41,442 - errorhandling.errormanager - ERROR - CustomValueError occurred: Error: Invalid keys: keywords, sort_data, highlight_tag, collection_name, db_name, connection_string, filter_data, projection, items_per_page, page. Valid keys are: sort_data, search_value, case_sensitive, search_field, highlight_field, filter_data, phrase_matching, timeout, projection, aggregations, items_per_page, exclude_fields, page, boost_fields.
Error Code: 1001
Details: No additional details provided.
Timestamp: Wed Jul 31 12:28:41 2024
Traceback:
NoneType: None
NoneType: None
------------------------------------------------------------
2024-07-31 12:28:41,442 - errorhandling.errormanager - ERROR - CustomValueError occurred: Error: Invalid keys: keywords, sort_data, highlight_tag, collection_name, db_name, connection_string, filter_data, projection, items_per_page, page. Valid keys are: sort_data, search_value, case_sensitive, search_field, highlight_field, filter_data, phrase_matching, timeout, projection, aggregations, items_per_page, exclude_fields, page, boost_fields.
Error Code: 1001
Details: No additional details provided.
Timestamp: Wed Jul 31 12:28:41 2024
Traceback:
NoneType: None
NoneType: None
------------------------------------------------------------
2024-07-31 12:28:41,443 - root - ERROR - Custom error occurred: Error: Invalid keys: keywords, sort_data, highlight_tag, collection_name, db_name, connection_string, filter_data, projection, items_per_page, page. Valid keys are: sort_data, search_value, case_sensitive, search_field, highlight_field, filter_data, phrase_matching, timeout, projection, aggregations, items_per_page, exclude_fields, page, boost_fields.
Error Code: 1001
Details: No additional details provided.
Timestamp: Wed Jul 31 12:28:41 2024
Traceback:
NoneType: None
Traceback (most recent call last):
  File "T:\TunaProjects\FilterSortModules\rest_api\restapi.py", line 405, in fuzzysearch
    raise CustomValueError(f"Invalid keys: {', '.join(invalid_keys)}. Valid keys are: {', '.join(valid_keys.union({'filter_data', 'projection', 'sort_data', 'page', 'items_per_page', 'case_sensitive', 'highlight_field', 'phrase_matching', 'boost_fields', 'exclude_fields', 'aggregations', 'timeout'}))}.")
errorhandling.errormanager.CustomValueError: Error: Invalid keys: keywords, sort_data, highlight_tag, collection_name, db_name, connection_string, filter_data, projection, items_per_page, page. Valid keys are: sort_data, search_value, case_sensitive, search_field, highlight_field, filter_data, phrase_matching, timeout, projection, aggregations, items_per_page, exclude_fields, page, boost_fields.
Error Code: 1001
Details: No additional details provided.
Timestamp: Wed Jul 31 12:28:41 2024
Traceback:
NoneType: None

------------------------------------------------------------
2024-07-31 12:28:41,443 - root - ERROR - Custom error occurred: Error: Invalid keys: keywords, sort_data, highlight_tag, collection_name, db_name, connection_string, filter_data, projection, items_per_page, page. Valid keys are: sort_data, search_value, case_sensitive, search_field, highlight_field, filter_data, phrase_matching, timeout, projection, aggregations, items_per_page, exclude_fields, page, boost_fields.
Error Code: 1001
Details: No additional details provided.
Timestamp: Wed Jul 31 12:28:41 2024
Traceback:
NoneType: None
Traceback (most recent call last):
  File "T:\TunaProjects\FilterSortModules\rest_api\restapi.py", line 405, in fuzzysearch
    raise CustomValueError(f"Invalid keys: {', '.join(invalid_keys)}. Valid keys are: {', '.join(valid_keys.union({'filter_data', 'projection', 'sort_data', 'page', 'items_per_page', 'case_sensitive', 'highlight_field', 'phrase_matching', 'boost_fields', 'exclude_fields', 'aggregations', 'timeout'}))}.")
errorhandling.errormanager.CustomValueError: Error: Invalid keys: keywords, sort_data, highlight_tag, collection_name, db_name, connection_string, filter_data, projection, items_per_page, page. Valid keys are: sort_data, search_value, case_sensitive, search_field, highlight_field, filter_data, phrase_matching, timeout, projection, aggregations, items_per_page, exclude_fields, page, boost_fields.
Error Code: 1001
Details: No additional details provided.
Timestamp: Wed Jul 31 12:28:41 2024
Traceback:
NoneType: None

------------------------------------------------------------
2024-07-31 12:28:41,445 - werkzeug - INFO - 127.0.0.1 - - [31/Jul/2024 12:28:41] "[31m[1mPOST /filtermanager/fuzzysearch HTTP/1.1[0m" 400 -
2024-07-31 12:28:41,445 - werkzeug - INFO - 127.0.0.1 - - [31/Jul/2024 12:28:41] "[31m[1mPOST /filtermanager/fuzzysearch HTTP/1.1[0m" 400 -
2024-07-31 12:30:33,893 - errorhandling.errormanager - ERROR - CustomValueError occurred: Error: Invalid keys: sort_data, collection_name, db_name, connection_string, highlight_field, filter_data, projection, items_per_page, page. Valid keys are: sort_data, search_value, case_sensitive, search_field, highlight_field, filter_data, phrase_matching, timeout, projection, aggregations, items_per_page, exclude_fields, page, boost_fields.
Error Code: 1001
Details: No additional details provided.
Timestamp: Wed Jul 31 12:30:33 2024
Traceback:
NoneType: None
NoneType: None
------------------------------------------------------------
2024-07-31 12:30:33,893 - errorhandling.errormanager - ERROR - CustomValueError occurred: Error: Invalid keys: sort_data, collection_name, db_name, connection_string, highlight_field, filter_data, projection, items_per_page, page. Valid keys are: sort_data, search_value, case_sensitive, search_field, highlight_field, filter_data, phrase_matching, timeout, projection, aggregations, items_per_page, exclude_fields, page, boost_fields.
Error Code: 1001
Details: No additional details provided.
Timestamp: Wed Jul 31 12:30:33 2024
Traceback:
NoneType: None
NoneType: None
------------------------------------------------------------
2024-07-31 12:30:33,894 - root - ERROR - Custom error occurred: Error: Invalid keys: sort_data, collection_name, db_name, connection_string, highlight_field, filter_data, projection, items_per_page, page. Valid keys are: sort_data, search_value, case_sensitive, search_field, highlight_field, filter_data, phrase_matching, timeout, projection, aggregations, items_per_page, exclude_fields, page, boost_fields.
Error Code: 1001
Details: No additional details provided.
Timestamp: Wed Jul 31 12:30:33 2024
Traceback:
NoneType: None
Traceback (most recent call last):
  File "T:\TunaProjects\FilterSortModules\rest_api\restapi.py", line 405, in fuzzysearch
    raise CustomValueError(f"Invalid keys: {', '.join(invalid_keys)}. Valid keys are: {', '.join(valid_keys.union({'filter_data', 'projection', 'sort_data', 'page', 'items_per_page', 'case_sensitive', 'highlight_field', 'phrase_matching', 'boost_fields', 'exclude_fields', 'aggregations', 'timeout'}))}.")
errorhandling.errormanager.CustomValueError: Error: Invalid keys: sort_data, collection_name, db_name, connection_string, highlight_field, filter_data, projection, items_per_page, page. Valid keys are: sort_data, search_value, case_sensitive, search_field, highlight_field, filter_data, phrase_matching, timeout, projection, aggregations, items_per_page, exclude_fields, page, boost_fields.
Error Code: 1001
Details: No additional details provided.
Timestamp: Wed Jul 31 12:30:33 2024
Traceback:
NoneType: None

------------------------------------------------------------
2024-07-31 12:30:33,894 - root - ERROR - Custom error occurred: Error: Invalid keys: sort_data, collection_name, db_name, connection_string, highlight_field, filter_data, projection, items_per_page, page. Valid keys are: sort_data, search_value, case_sensitive, search_field, highlight_field, filter_data, phrase_matching, timeout, projection, aggregations, items_per_page, exclude_fields, page, boost_fields.
Error Code: 1001
Details: No additional details provided.
Timestamp: Wed Jul 31 12:30:33 2024
Traceback:
NoneType: None
Traceback (most recent call last):
  File "T:\TunaProjects\FilterSortModules\rest_api\restapi.py", line 405, in fuzzysearch
    raise CustomValueError(f"Invalid keys: {', '.join(invalid_keys)}. Valid keys are: {', '.join(valid_keys.union({'filter_data', 'projection', 'sort_data', 'page', 'items_per_page', 'case_sensitive', 'highlight_field', 'phrase_matching', 'boost_fields', 'exclude_fields', 'aggregations', 'timeout'}))}.")
errorhandling.errormanager.CustomValueError: Error: Invalid keys: sort_data, collection_name, db_name, connection_string, highlight_field, filter_data, projection, items_per_page, page. Valid keys are: sort_data, search_value, case_sensitive, search_field, highlight_field, filter_data, phrase_matching, timeout, projection, aggregations, items_per_page, exclude_fields, page, boost_fields.
Error Code: 1001
Details: No additional details provided.
Timestamp: Wed Jul 31 12:30:33 2024
Traceback:
NoneType: None

------------------------------------------------------------
2024-07-31 12:30:33,895 - werkzeug - INFO - 127.0.0.1 - - [31/Jul/2024 12:30:33] "[31m[1mPOST /filtermanager/fuzzysearch HTTP/1.1[0m" 400 -
2024-07-31 12:30:33,895 - werkzeug - INFO - 127.0.0.1 - - [31/Jul/2024 12:30:33] "[31m[1mPOST /filtermanager/fuzzysearch HTTP/1.1[0m" 400 -
2024-07-31 12:31:56,471 - errorhandling.errormanager - ERROR - CustomValueError occurred: Error: Invalid keys: case_sensitive, collection_name, phrase_matching, aggregations, items_per_page, timeout, page, sort_data, connection_string, highlight_field, filter_data, projection, db_name, exclude_fields, boost_fields. Valid keys are: sort_data, search_value, case_sensitive, search_field, highlight_field, filter_data, phrase_matching, timeout, projection, aggregations, items_per_page, exclude_fields, page, boost_fields.
Error Code: 1001
Details: No additional details provided.
Timestamp: Wed Jul 31 12:31:56 2024
Traceback:
NoneType: None
NoneType: None
------------------------------------------------------------
2024-07-31 12:31:56,471 - errorhandling.errormanager - ERROR - CustomValueError occurred: Error: Invalid keys: case_sensitive, collection_name, phrase_matching, aggregations, items_per_page, timeout, page, sort_data, connection_string, highlight_field, filter_data, projection, db_name, exclude_fields, boost_fields. Valid keys are: sort_data, search_value, case_sensitive, search_field, highlight_field, filter_data, phrase_matching, timeout, projection, aggregations, items_per_page, exclude_fields, page, boost_fields.
Error Code: 1001
Details: No additional details provided.
Timestamp: Wed Jul 31 12:31:56 2024
Traceback:
NoneType: None
NoneType: None
------------------------------------------------------------
2024-07-31 12:31:56,472 - root - ERROR - Custom error occurred: Error: Invalid keys: case_sensitive, collection_name, phrase_matching, aggregations, items_per_page, timeout, page, sort_data, connection_string, highlight_field, filter_data, projection, db_name, exclude_fields, boost_fields. Valid keys are: sort_data, search_value, case_sensitive, search_field, highlight_field, filter_data, phrase_matching, timeout, projection, aggregations, items_per_page, exclude_fields, page, boost_fields.
Error Code: 1001
Details: No additional details provided.
Timestamp: Wed Jul 31 12:31:56 2024
Traceback:
NoneType: None
Traceback (most recent call last):
  File "T:\TunaProjects\FilterSortModules\rest_api\restapi.py", line 405, in fuzzysearch
    raise CustomValueError(f"Invalid keys: {', '.join(invalid_keys)}. Valid keys are: {', '.join(valid_keys.union({'filter_data', 'projection', 'sort_data', 'page', 'items_per_page', 'case_sensitive', 'highlight_field', 'phrase_matching', 'boost_fields', 'exclude_fields', 'aggregations', 'timeout'}))}.")
errorhandling.errormanager.CustomValueError: Error: Invalid keys: case_sensitive, collection_name, phrase_matching, aggregations, items_per_page, timeout, page, sort_data, connection_string, highlight_field, filter_data, projection, db_name, exclude_fields, boost_fields. Valid keys are: sort_data, search_value, case_sensitive, search_field, highlight_field, filter_data, phrase_matching, timeout, projection, aggregations, items_per_page, exclude_fields, page, boost_fields.
Error Code: 1001
Details: No additional details provided.
Timestamp: Wed Jul 31 12:31:56 2024
Traceback:
NoneType: None

------------------------------------------------------------
2024-07-31 12:31:56,472 - root - ERROR - Custom error occurred: Error: Invalid keys: case_sensitive, collection_name, phrase_matching, aggregations, items_per_page, timeout, page, sort_data, connection_string, highlight_field, filter_data, projection, db_name, exclude_fields, boost_fields. Valid keys are: sort_data, search_value, case_sensitive, search_field, highlight_field, filter_data, phrase_matching, timeout, projection, aggregations, items_per_page, exclude_fields, page, boost_fields.
Error Code: 1001
Details: No additional details provided.
Timestamp: Wed Jul 31 12:31:56 2024
Traceback:
NoneType: None
Traceback (most recent call last):
  File "T:\TunaProjects\FilterSortModules\rest_api\restapi.py", line 405, in fuzzysearch
    raise CustomValueError(f"Invalid keys: {', '.join(invalid_keys)}. Valid keys are: {', '.join(valid_keys.union({'filter_data', 'projection', 'sort_data', 'page', 'items_per_page', 'case_sensitive', 'highlight_field', 'phrase_matching', 'boost_fields', 'exclude_fields', 'aggregations', 'timeout'}))}.")
errorhandling.errormanager.CustomValueError: Error: Invalid keys: case_sensitive, collection_name, phrase_matching, aggregations, items_per_page, timeout, page, sort_data, connection_string, highlight_field, filter_data, projection, db_name, exclude_fields, boost_fields. Valid keys are: sort_data, search_value, case_sensitive, search_field, highlight_field, filter_data, phrase_matching, timeout, projection, aggregations, items_per_page, exclude_fields, page, boost_fields.
Error Code: 1001
Details: No additional details provided.
Timestamp: Wed Jul 31 12:31:56 2024
Traceback:
NoneType: None

------------------------------------------------------------
2024-07-31 12:31:56,474 - werkzeug - INFO - 127.0.0.1 - - [31/Jul/2024 12:31:56] "[31m[1mPOST /filtermanager/fuzzysearch HTTP/1.1[0m" 400 -
2024-07-31 12:31:56,474 - werkzeug - INFO - 127.0.0.1 - - [31/Jul/2024 12:31:56] "[31m[1mPOST /filtermanager/fuzzysearch HTTP/1.1[0m" 400 -
2024-07-31 12:34:05,053 - werkzeug - INFO - [31m[1mWARNING: This is a development server. Do not use it in a production deployment. Use a production WSGI server instead.[0m
 * Running on http://127.0.0.1:5000
2024-07-31 12:34:05,053 - werkzeug - INFO - [31m[1mWARNING: This is a development server. Do not use it in a production deployment. Use a production WSGI server instead.[0m
 * Running on http://127.0.0.1:5000
2024-07-31 12:34:05,054 - werkzeug - INFO - [33mPress CTRL+C to quit[0m
2024-07-31 12:34:05,054 - werkzeug - INFO - [33mPress CTRL+C to quit[0m
2024-07-31 12:34:09,647 - werkzeug - INFO - 127.0.0.1 - - [31/Jul/2024 12:34:09] "[31m[1mPOST /filtermanager/fuzzysearch HTTP/1.1[0m" 401 -
2024-07-31 12:34:09,647 - werkzeug - INFO - 127.0.0.1 - - [31/Jul/2024 12:34:09] "[31m[1mPOST /filtermanager/fuzzysearch HTTP/1.1[0m" 401 -
2024-07-31 12:34:15,915 - werkzeug - INFO - 127.0.0.1 - - [31/Jul/2024 12:34:15] "POST /filtermanager/auth/login HTTP/1.1" 200 -
2024-07-31 12:34:15,915 - werkzeug - INFO - 127.0.0.1 - - [31/Jul/2024 12:34:15] "POST /filtermanager/auth/login HTTP/1.1" 200 -
2024-07-31 12:34:23,164 - root - ERROR - Unexpected error occurred: 'list' object has no attribute 'split'
Traceback (most recent call last):
  File "T:\TunaProjects\FilterSortModules\rest_api\restapi.py", line 410, in fuzzysearch
    results = fuzzysearchrequest(
              ^^^^^^^^^^^^^^^^^^^
  File "T:\TunaProjects\FilterSortModules\filtermanager\managers\manager.py", line 152, in fuzzysearchrequest
    results = data_manager.fuzzysearch(
              ^^^^^^^^^^^^^^^^^^^^^^^^^
  File "T:\TunaProjects\FilterSortModules\filtermanager\filtermanager.py", line 369, in fuzzysearch
    search_term = '.*' + '.*'.join(re.escape(term) for term in search_term.split()) + '.*'
                                                               ^^^^^^^^^^^^^^^^^
AttributeError: 'list' object has no attribute 'split'
------------------------------------------------------------
2024-07-31 12:34:23,164 - root - ERROR - Unexpected error occurred: 'list' object has no attribute 'split'
Traceback (most recent call last):
  File "T:\TunaProjects\FilterSortModules\rest_api\restapi.py", line 410, in fuzzysearch
    results = fuzzysearchrequest(
              ^^^^^^^^^^^^^^^^^^^
  File "T:\TunaProjects\FilterSortModules\filtermanager\managers\manager.py", line 152, in fuzzysearchrequest
    results = data_manager.fuzzysearch(
              ^^^^^^^^^^^^^^^^^^^^^^^^^
  File "T:\TunaProjects\FilterSortModules\filtermanager\filtermanager.py", line 369, in fuzzysearch
    search_term = '.*' + '.*'.join(re.escape(term) for term in search_term.split()) + '.*'
                                                               ^^^^^^^^^^^^^^^^^
AttributeError: 'list' object has no attribute 'split'
------------------------------------------------------------
2024-07-31 12:34:23,167 - werkzeug - INFO - 127.0.0.1 - - [31/Jul/2024 12:34:23] "[35m[1mPOST /filtermanager/fuzzysearch HTTP/1.1[0m" 500 -
2024-07-31 12:34:23,167 - werkzeug - INFO - 127.0.0.1 - - [31/Jul/2024 12:34:23] "[35m[1mPOST /filtermanager/fuzzysearch HTTP/1.1[0m" 500 -
2024-07-31 12:35:27,727 - werkzeug - INFO - [31m[1mWARNING: This is a development server. Do not use it in a production deployment. Use a production WSGI server instead.[0m
 * Running on http://127.0.0.1:5000
2024-07-31 12:35:27,727 - werkzeug - INFO - [31m[1mWARNING: This is a development server. Do not use it in a production deployment. Use a production WSGI server instead.[0m
 * Running on http://127.0.0.1:5000
2024-07-31 12:35:27,727 - werkzeug - INFO - [33mPress CTRL+C to quit[0m
2024-07-31 12:35:27,727 - werkzeug - INFO - [33mPress CTRL+C to quit[0m
2024-07-31 12:35:34,570 - werkzeug - INFO - 127.0.0.1 - - [31/Jul/2024 12:35:34] "[31m[1mPOST /filtermanager/fuzzysearch HTTP/1.1[0m" 401 -
2024-07-31 12:35:34,570 - werkzeug - INFO - 127.0.0.1 - - [31/Jul/2024 12:35:34] "[31m[1mPOST /filtermanager/fuzzysearch HTTP/1.1[0m" 401 -
2024-07-31 12:35:38,265 - werkzeug - INFO - 127.0.0.1 - - [31/Jul/2024 12:35:38] "POST /filtermanager/auth/login HTTP/1.1" 200 -
2024-07-31 12:35:38,265 - werkzeug - INFO - 127.0.0.1 - - [31/Jul/2024 12:35:38] "POST /filtermanager/auth/login HTTP/1.1" 200 -
2024-07-31 12:35:47,063 - root - ERROR - Unexpected error occurred: name 're' is not defined
Traceback (most recent call last):
  File "T:\TunaProjects\FilterSortModules\rest_api\restapi.py", line 410, in fuzzysearch
    results = fuzzysearchrequest(
              ^^^^^^^^^^^^^^^^^^^
  File "T:\TunaProjects\FilterSortModules\filtermanager\managers\manager.py", line 152, in fuzzysearchrequest
    results = data_manager.fuzzysearch(
              ^^^^^^^^^^^^^^^^^^^^^^^^^
  File "T:\TunaProjects\FilterSortModules\filtermanager\filtermanager.py", line 369, in fuzzysearch
    query['$or'] = [
                   ^
  File "T:\TunaProjects\FilterSortModules\filtermanager\filtermanager.py", line 370, in <listcomp>
    {field: {"$regex": re.compile(value, flags=regex_flags)}}
                       ^^
NameError: name 're' is not defined
------------------------------------------------------------2024-08-01 15:03:43,110 - werkzeug - INFO - 127.0.0.1 - - [01/Aug/2024 15:03:43] "POST /filtermanager/auth/login HTTP/1.1" 200 -
2024-08-01 15:03:43,110 - werkzeug - INFO - 127.0.0.1 - - [01/Aug/2024 15:03:43] "POST /filtermanager/auth/login HTTP/1.1" 200 -
2024-08-01 15:03:51,876 - root - ERROR - Unexpected error occurred: first argument must be string or compiled pattern
Traceback (most recent call last):
  File "T:\TunaProjects\FilterSortModules\rest_api\restapi.py", line 410, in fuzzysearch
    results = fuzzysearchrequest(
              ^^^^^^^^^^^^^^^^^^^
  File "T:\TunaProjects\FilterSortModules\filtermanager\managers\manager.py", line 152, in fuzzysearchrequest
    results = data_manager.fuzzysearch(
              ^^^^^^^^^^^^^^^^^^^^^^^^^
  File "T:\TunaProjects\FilterSortModules\filtermanager\filtermanager.py", line 391, in fuzzysearch
    regex = re.compile(search_values, flags=regex_flags)
            ^^^^^^^^^^^^^^^^^^^^^^^^^^^^^^^^^^^^^^^^^^^^
  File "C:\Users\tuna\AppData\Local\Programs\Python\Python311\Lib\re\__init__.py", line 227, in compile
    return _compile(pattern, flags)
           ^^^^^^^^^^^^^^^^^^^^^^^^
  File "C:\Users\tuna\AppData\Local\Programs\Python\Python311\Lib\re\__init__.py", line 286, in _compile
    raise TypeError("first argument must be string or compiled pattern")
TypeError: first argument must be string or compiled pattern
------------------------------------------------------------2024-08-01 15:34:15,660 - werkzeug - INFO - [31m[1mWARNING: This is a development server. Do not use it in a production deployment. Use a production WSGI server instead.[0m
 * Running on http://127.0.0.1:5000
2024-08-01 15:34:15,660 - werkzeug - INFO - [31m[1mWARNING: This is a development server. Do not use it in a production deployment. Use a production WSGI server instead.[0m
 * Running on http://127.0.0.1:5000
2024-08-01 15:34:15,660 - werkzeug - INFO - [33mPress CTRL+C to quit[0m
2024-08-01 15:34:15,660 - werkzeug - INFO - [33mPress CTRL+C to quit[0m
2024-08-01 15:44:03,523 - werkzeug - INFO - 127.0.0.1 - - [01/Aug/2024 15:44:03] "[31m[1mPOST /filtermanager/customsortingoptions HTTP/1.1[0m" 401 -
2024-08-01 15:44:03,523 - werkzeug - INFO - 127.0.0.1 - - [01/Aug/2024 15:44:03] "[31m[1mPOST /filtermanager/customsortingoptions HTTP/1.1[0m" 401 -
2024-08-01 15:44:07,375 - werkzeug - INFO - 127.0.0.1 - - [01/Aug/2024 15:44:07] "POST /filtermanager/auth/login HTTP/1.1" 200 -
2024-08-01 15:44:07,375 - werkzeug - INFO - 127.0.0.1 - - [01/Aug/2024 15:44:07] "POST /filtermanager/auth/login HTTP/1.1" 200 -
2024-08-01 15:44:13,399 - errorhandling.errormanager - ERROR - CustomValueError occurred: Error: Invalid keys: db_name, collection_name, connection_string. Valid keys are: query, data_types, custom_sort, offset, null_handling, limit, fields, sort_options, custom_sort_functions.
Error Code: 1001
Details: No additional details provided.
Timestamp: Thu Aug  1 15:44:13 2024
Traceback:
NoneType: None
NoneType: None
------------------------------------------------------------
2024-08-01 15:44:13,399 - errorhandling.errormanager - ERROR - CustomValueError occurred: Error: Invalid keys: db_name, collection_name, connection_string. Valid keys are: query, data_types, custom_sort, offset, null_handling, limit, fields, sort_options, custom_sort_functions.
Error Code: 1001
Details: No additional details provided.
Timestamp: Thu Aug  1 15:44:13 2024
Traceback:
NoneType: None
NoneType: None
------------------------------------------------------------2024-08-02 10:32:03,874 - werkzeug - INFO - [31m[1mWARNING: This is a development server. Do not use it in a production deployment. Use a production WSGI server instead.[0m
 * Running on http://127.0.0.1:5000
2024-08-02 10:32:03,874 - werkzeug - INFO - [31m[1mWARNING: This is a development server. Do not use it in a production deployment. Use a production WSGI server instead.[0m
 * Running on http://127.0.0.1:5000
2024-08-02 10:32:03,875 - werkzeug - INFO - [33mPress CTRL+C to quit[0m
2024-08-02 10:32:03,875 - werkzeug - INFO - [33mPress CTRL+C to quit[0m
2024-08-02 10:43:09,532 - werkzeug - INFO - 127.0.0.1 - - [02/Aug/2024 10:43:09] "[31m[1mPOST /filtermanager/auth/login HTTP/1.1[0m" 401 -
2024-08-02 10:43:09,532 - werkzeug - INFO - 127.0.0.1 - - [02/Aug/2024 10:43:09] "[31m[1mPOST /filtermanager/auth/login HTTP/1.1[0m" 401 -
2024-08-02 10:46:35,227 - werkzeug - INFO - 127.0.0.1 - - [02/Aug/2024 10:46:35] "POST /filtermanager/auth/login HTTP/1.1" 200 -
2024-08-02 10:46:35,227 - werkzeug - INFO - 127.0.0.1 - - [02/Aug/2024 10:46:35] "POST /filtermanager/auth/login HTTP/1.1" 200 -
2024-08-02 10:46:42,977 - werkzeug - INFO - 127.0.0.1 - - [02/Aug/2024 10:46:42] "POST /filtermanager/auth/login HTTP/1.1" 200 -
2024-08-02 10:46:42,977 - werkzeug - INFO - 127.0.0.1 - - [02/Aug/2024 10:46:42] "POST /filtermanager/auth/login HTTP/1.1" 200 -
2024-08-02 10:48:17,505 - werkzeug - INFO - 127.0.0.1 - - [02/Aug/2024 10:48:17] "POST /filtermanager/auth/login HTTP/1.1" 200 -
2024-08-02 10:48:17,505 - werkzeug - INFO - 127.0.0.1 - - [02/Aug/2024 10:48:17] "POST /filtermanager/auth/login HTTP/1.1" 200 -
2024-08-02 10:48:29,115 - werkzeug - INFO - 127.0.0.1 - - [02/Aug/2024 10:48:29] "[31m[1mPOST /filtermanager/match HTTP/1.1[0m" 401 -
2024-08-02 10:48:29,115 - werkzeug - INFO - 127.0.0.1 - - [02/Aug/2024 10:48:29] "[31m[1mPOST /filtermanager/match HTTP/1.1[0m" 401 -
2024-08-02 10:48:43,754 - werkzeug - INFO - 127.0.0.1 - - [02/Aug/2024 10:48:43] "POST /filtermanager/auth/login HTTP/1.1" 200 -
2024-08-02 10:48:43,754 - werkzeug - INFO - 127.0.0.1 - - [02/Aug/2024 10:48:43] "POST /filtermanager/auth/login HTTP/1.1" 200 -
2024-08-02 10:48:57,194 - werkzeug - INFO - 127.0.0.1 - - [02/Aug/2024 10:48:57] "[31m[1mPOST /filtermanager/match HTTP/1.1[0m" 401 -
2024-08-02 10:48:57,194 - werkzeug - INFO - 127.0.0.1 - - [02/Aug/2024 10:48:57] "[31m[1mPOST /filtermanager/match HTTP/1.1[0m" 401 -
2024-08-02 10:49:30,584 - werkzeug - INFO - 127.0.0.1 - - [02/Aug/2024 10:49:30] "[31m[1mGET /filtermanager/match HTTP/1.1[0m" 405 -
2024-08-02 10:49:30,584 - werkzeug - INFO - 127.0.0.1 - - [02/Aug/2024 10:49:30] "[31m[1mGET /filtermanager/match HTTP/1.1[0m" 405 -
2024-08-02 10:49:31,828 - werkzeug - INFO - 127.0.0.1 - - [02/Aug/2024 10:49:31] "[33mGET /favicon.ico HTTP/1.1[0m" 404 -
2024-08-02 10:49:31,828 - werkzeug - INFO - 127.0.0.1 - - [02/Aug/2024 10:49:31] "[33mGET /favicon.ico HTTP/1.1[0m" 404 -
2024-08-02 10:50:22,000 - werkzeug - INFO - 127.0.0.1 - - [02/Aug/2024 10:50:22] "[31m[1mPOST /filtermanager/match HTTP/1.1[0m" 401 -
2024-08-02 10:50:22,000 - werkzeug - INFO - 127.0.0.1 - - [02/Aug/2024 10:50:22] "[31m[1mPOST /filtermanager/match HTTP/1.1[0m" 401 -
2024-08-02 10:52:28,516 - werkzeug - INFO - 127.0.0.1 - - [02/Aug/2024 10:52:28] "POST /filtermanager/auth/login HTTP/1.1" 200 -
2024-08-02 10:52:28,516 - werkzeug - INFO - 127.0.0.1 - - [02/Aug/2024 10:52:28] "POST /filtermanager/auth/login HTTP/1.1" 200 -
2024-08-02 10:52:51,954 - werkzeug - INFO - 127.0.0.1 - - [02/Aug/2024 10:52:51] "POST /filtermanager/match HTTP/1.1" 200 -
2024-08-02 10:52:51,954 - werkzeug - INFO - 127.0.0.1 - - [02/Aug/2024 10:52:51] "POST /filtermanager/match HTTP/1.1" 200 -
2024-08-02 10:53:09,603 - werkzeug - INFO - 127.0.0.1 - - [02/Aug/2024 10:53:09] "POST /filtermanager/match HTTP/1.1" 200 -
2024-08-02 10:53:09,603 - werkzeug - INFO - 127.0.0.1 - - [02/Aug/2024 10:53:09] "POST /filtermanager/match HTTP/1.1" 200 -
2024-08-02 10:53:28,785 - werkzeug - INFO - 127.0.0.1 - - [02/Aug/2024 10:53:28] "POST /filtermanager/match HTTP/1.1" 200 -
2024-08-02 10:53:28,785 - werkzeug - INFO - 127.0.0.1 - - [02/Aug/2024 10:53:28] "POST /filtermanager/match HTTP/1.1" 200 -
2024-08-02 10:58:29,737 - werkzeug - INFO - 127.0.0.1 - - [02/Aug/2024 10:58:29] "POST /filtermanager/auth/login HTTP/1.1" 200 -
2024-08-02 10:58:29,737 - werkzeug - INFO - 127.0.0.1 - - [02/Aug/2024 10:58:29] "POST /filtermanager/auth/login HTTP/1.1" 200 -
2024-08-02 11:00:07,273 - root - ERROR - Unexpected error occurred: your_connection_string:27017: [Errno 11001] getaddrinfo failed (configured timeouts: socketTimeoutMS: 20000.0ms, connectTimeoutMS: 20000.0ms), Timeout: 30s, Topology Description: <TopologyDescription id: 66ac91e8b12507fee6772891, topology_type: Unknown, servers: [<ServerDescription ('your_connection_string', 27017) server_type: Unknown, rtt: None, error=AutoReconnect('your_connection_string:27017: [Errno 11001] getaddrinfo failed (configured timeouts: socketTimeoutMS: 20000.0ms, connectTimeoutMS: 20000.0ms)')>]>
Traceback (most recent call last):
  File "T:\TunaProjects\FilterSortModules\rest_api\restapi.py", line 59, in match
    results = match_request(data, filter_data, page, items_per_page)
              ^^^^^^^^^^^^^^^^^^^^^^^^^^^^^^^^^^^^^^^^^^^^^^^^^^^^^^
  File "T:\TunaProjects\FilterSortModules\filtermanager\managers\manager.py", line 22, in match_request
    results = data_manager.match(filter_data, page, items_per_page, projection, sort_data, text_search, regex_search)
              ^^^^^^^^^^^^^^^^^^^^^^^^^^^^^^^^^^^^^^^^^^^^^^^^^^^^^^^^^^^^^^^^^^^^^^^^^^^^^^^^^^^^^^^^^^^^^^^^^^^^^^^
  File "T:\TunaProjects\FilterSortModules\filtermanager\filtermanager.py", line 55, in match
    results = list(cursor)
              ^^^^^^^^^^^^
  File "T:\TunaProjects\FilterSortModules\venv\Lib\site-packages\pymongo\cursor.py", line 1243, in next
    if len(self.__data) or self._refresh():
                           ^^^^^^^^^^^^^^^
  File "T:\TunaProjects\FilterSortModules\venv\Lib\site-packages\pymongo\cursor.py", line 1160, in _refresh
    self.__send_message(q)
  File "T:\TunaProjects\FilterSortModules\venv\Lib\site-packages\pymongo\cursor.py", line 1039, in __send_message
    response = client._run_operation(
               ^^^^^^^^^^^^^^^^^^^^^^
  File "T:\TunaProjects\FilterSortModules\venv\Lib\site-packages\pymongo\_csot.py", line 108, in csot_wrapper
    return func(self, *args, **kwargs)
           ^^^^^^^^^^^^^^^^^^^^^^^^^^^
  File "T:\TunaProjects\FilterSortModules\venv\Lib\site-packages\pymongo\mongo_client.py", line 1431, in _run_operation
    return self._retryable_read(
           ^^^^^^^^^^^^^^^^^^^^^
  File "T:\TunaProjects\FilterSortModules\venv\Lib\site-packages\pymongo\mongo_client.py", line 1540, in _retryable_read
    return self._retry_internal(
           ^^^^^^^^^^^^^^^^^^^^^
  File "T:\TunaProjects\FilterSortModules\venv\Lib\site-packages\pymongo\_csot.py", line 108, in csot_wrapper
    return func(self, *args, **kwargs)
           ^^^^^^^^^^^^^^^^^^^^^^^^^^^
  File "T:\TunaProjects\FilterSortModules\venv\Lib\site-packages\pymongo\mongo_client.py", line 1507, in _retry_internal
    ).run()
      ^^^^^
  File "T:\TunaProjects\FilterSortModules\venv\Lib\site-packages\pymongo\mongo_client.py", line 2353, in run
    return self._read() if self._is_read else self._write()
           ^^^^^^^^^^^^
  File "T:\TunaProjects\FilterSortModules\venv\Lib\site-packages\pymongo\mongo_client.py", line 2483, in _read
    self._server = self._get_server()
                   ^^^^^^^^^^^^^^^^^^
  File "T:\TunaProjects\FilterSortModules\venv\Lib\site-packages\pymongo\mongo_client.py", line 2439, in _get_server
    return self._client._select_server(
           ^^^^^^^^^^^^^^^^^^^^^^^^^^^^
  File "T:\TunaProjects\FilterSortModules\venv\Lib\site-packages\pymongo\mongo_client.py", line 1322, in _select_server
    server = topology.select_server(
             ^^^^^^^^^^^^^^^^^^^^^^^
  File "T:\TunaProjects\FilterSortModules\venv\Lib\site-packages\pymongo\topology.py", line 368, in select_server
    server = self._select_server(
             ^^^^^^^^^^^^^^^^^^^^
  File "T:\TunaProjects\FilterSortModules\venv\Lib\site-packages\pymongo\topology.py", line 346, in _select_server
    servers = self.select_servers(
              ^^^^^^^^^^^^^^^^^^^^
  File "T:\TunaProjects\FilterSortModules\venv\Lib\site-packages\pymongo\topology.py", line 253, in select_servers
    server_descriptions = self._select_servers_loop(
                          ^^^^^^^^^^^^^^^^^^^^^^^^^^
  File "T:\TunaProjects\FilterSortModules\venv\Lib\site-packages\pymongo\topology.py", line 303, in _select_servers_loop
    raise ServerSelectionTimeoutError(
pymongo.errors.ServerSelectionTimeoutError: your_connection_string:27017: [Errno 11001] getaddrinfo failed (configured timeouts: socketTimeoutMS: 20000.0ms, connectTimeoutMS: 20000.0ms), Timeout: 30s, Topology Description: <TopologyDescription id: 66ac91e8b12507fee6772891, topology_type: Unknown, servers: [<ServerDescription ('your_connection_string', 27017) server_type: Unknown, rtt: None, error=AutoReconnect('your_connection_string:27017: [Errno 11001] getaddrinfo failed (configured timeouts: socketTimeoutMS: 20000.0ms, connectTimeoutMS: 20000.0ms)')>]>
------------------------------------------------------------2024-08-02 20:38:07,072 - werkzeug - INFO - [31m[1mWARNING: This is a development server. Do not use it in a production deployment. Use a production WSGI server instead.[0m
 * Running on http://127.0.0.1:5000
2024-08-02 20:38:07,072 - werkzeug - INFO - [31m[1mWARNING: This is a development server. Do not use it in a production deployment. Use a production WSGI server instead.[0m
 * Running on http://127.0.0.1:5000
2024-08-02 20:38:07,073 - werkzeug - INFO - [33mPress CTRL+C to quit[0m
2024-08-02 20:38:07,073 - werkzeug - INFO - [33mPress CTRL+C to quit[0m
2024-08-02 20:44:18,148 - werkzeug - INFO - 127.0.0.1 - - [02/Aug/2024 20:44:18] "POST /filtermanager/auth/login HTTP/1.1" 200 -
2024-08-02 20:44:18,148 - werkzeug - INFO - 127.0.0.1 - - [02/Aug/2024 20:44:18] "POST /filtermanager/auth/login HTTP/1.1" 200 -
2024-08-02 20:44:35,028 - werkzeug - INFO - 127.0.0.1 - - [02/Aug/2024 20:44:35] "POST /filtermanager/type_search HTTP/1.1" 200 -
2024-08-02 20:44:35,028 - werkzeug - INFO - 127.0.0.1 - - [02/Aug/2024 20:44:35] "POST /filtermanager/type_search HTTP/1.1" 200 -
2024-08-02 20:46:22,185 - werkzeug - INFO - 127.0.0.1 - - [02/Aug/2024 20:46:22] "POST /filtermanager/type_search HTTP/1.1" 200 -
2024-08-02 20:46:22,185 - werkzeug - INFO - 127.0.0.1 - - [02/Aug/2024 20:46:22] "POST /filtermanager/type_search HTTP/1.1" 200 -
2024-08-02 20:49:56,667 - werkzeug - INFO - 127.0.0.1 - - [02/Aug/2024 20:49:56] "[31m[1mPOST /filtermanager/sort HTTP/1.1[0m" 401 -
2024-08-02 20:49:56,667 - werkzeug - INFO - 127.0.0.1 - - [02/Aug/2024 20:49:56] "[31m[1mPOST /filtermanager/sort HTTP/1.1[0m" 401 -
2024-08-02 20:50:00,703 - werkzeug - INFO - 127.0.0.1 - - [02/Aug/2024 20:50:00] "POST /filtermanager/auth/login HTTP/1.1" 200 -
2024-08-02 20:50:00,703 - werkzeug - INFO - 127.0.0.1 - - [02/Aug/2024 20:50:00] "POST /filtermanager/auth/login HTTP/1.1" 200 -
2024-08-02 20:50:15,711 - werkzeug - INFO - 127.0.0.1 - - [02/Aug/2024 20:50:15] "POST /filtermanager/sort HTTP/1.1" 200 -
2024-08-02 20:50:15,711 - werkzeug - INFO - 127.0.0.1 - - [02/Aug/2024 20:50:15] "POST /filtermanager/sort HTTP/1.1" 200 -
2024-08-02 20:51:12,171 - werkzeug - INFO - 127.0.0.1 - - [02/Aug/2024 20:51:12] "POST /filtermanager/sort HTTP/1.1" 200 -
2024-08-02 20:51:12,171 - werkzeug - INFO - 127.0.0.1 - - [02/Aug/2024 20:51:12] "POST /filtermanager/sort HTTP/1.1" 200 -
2024-08-02 20:52:47,610 - werkzeug - INFO - 127.0.0.1 - - [02/Aug/2024 20:52:47] "POST /filtermanager/sort HTTP/1.1" 200 -
2024-08-02 20:52:47,610 - werkzeug - INFO - 127.0.0.1 - - [02/Aug/2024 20:52:47] "POST /filtermanager/sort HTTP/1.1" 200 -
2024-08-02 20:54:14,689 - werkzeug - INFO - 127.0.0.1 - - [02/Aug/2024 20:54:14] "POST /filtermanager/sort HTTP/1.1" 200 -
2024-08-02 20:54:14,689 - werkzeug - INFO - 127.0.0.1 - - [02/Aug/2024 20:54:14] "POST /filtermanager/sort HTTP/1.1" 200 -
2024-08-02 20:54:54,359 - errorhandling.errormanager - ERROR - CustomValueError occurred: Error: Invalid keys: page_size, page_number. Valid keys are: sort, connection_string, collection_name, compare_field, filter, db_name.
Error Code: 1001
Details: No additional details provided.
Timestamp: Fri Aug  2 20:54:54 2024
Traceback:
NoneType: None
NoneType: None
------------------------------------------------------------
2024-08-02 20:54:54,359 - errorhandling.errormanager - ERROR - CustomValueError occurred: Error: Invalid keys: page_size, page_number. Valid keys are: sort, connection_string, collection_name, compare_field, filter, db_name.
Error Code: 1001
Details: No additional details provided.
Timestamp: Fri Aug  2 20:54:54 2024
Traceback:
NoneType: None
NoneType: None
------------------------------------------------------------2024-08-03 11:35:49,029 - werkzeug - INFO - [31m[1mWARNING: This is a development server. Do not use it in a production deployment. Use a production WSGI server instead.[0m
 * Running on http://127.0.0.1:5000
2024-08-03 11:35:49,029 - werkzeug - INFO - [31m[1mWARNING: This is a development server. Do not use it in a production deployment. Use a production WSGI server instead.[0m
 * Running on http://127.0.0.1:5000
2024-08-03 11:35:49,030 - werkzeug - INFO - [33mPress CTRL+C to quit[0m
2024-08-03 11:35:49,030 - werkzeug - INFO - [33mPress CTRL+C to quit[0m
2024-08-03 11:40:32,303 - werkzeug - INFO - 127.0.0.1 - - [03/Aug/2024 11:40:32] "[31m[1mPOST /filtermanager/multi_filter HTTP/1.1[0m" 401 -
2024-08-03 11:40:32,303 - werkzeug - INFO - 127.0.0.1 - - [03/Aug/2024 11:40:32] "[31m[1mPOST /filtermanager/multi_filter HTTP/1.1[0m" 401 -
2024-08-03 11:40:35,504 - werkzeug - INFO - 127.0.0.1 - - [03/Aug/2024 11:40:35] "POST /filtermanager/auth/login HTTP/1.1" 200 -
2024-08-03 11:40:35,504 - werkzeug - INFO - 127.0.0.1 - - [03/Aug/2024 11:40:35] "POST /filtermanager/auth/login HTTP/1.1" 200 -
2024-08-03 11:40:42,943 - root - ERROR - Unexpected error occurred: 400 Bad Request: The browser (or proxy) sent a request that this server could not understand.
Traceback (most recent call last):
  File "T:\TunaProjects\FilterSortModules\venv\Lib\site-packages\werkzeug\wrappers\request.py", line 608, in get_json
    rv = self.json_module.loads(data)
         ^^^^^^^^^^^^^^^^^^^^^^^^^^^^
  File "T:\TunaProjects\FilterSortModules\venv\Lib\site-packages\flask\json\provider.py", line 187, in loads
    return json.loads(s, **kwargs)
           ^^^^^^^^^^^^^^^^^^^^^^^
  File "C:\Users\tuna\AppData\Local\Programs\Python\Python311\Lib\json\__init__.py", line 346, in loads
    return _default_decoder.decode(s)
           ^^^^^^^^^^^^^^^^^^^^^^^^^^
  File "C:\Users\tuna\AppData\Local\Programs\Python\Python311\Lib\json\decoder.py", line 337, in decode
    obj, end = self.raw_decode(s, idx=_w(s, 0).end())
               ^^^^^^^^^^^^^^^^^^^^^^^^^^^^^^^^^^^^^^
  File "C:\Users\tuna\AppData\Local\Programs\Python\Python311\Lib\json\decoder.py", line 353, in raw_decode
    obj, end = self.scan_once(s, idx)
               ^^^^^^^^^^^^^^^^^^^^^^
json.decoder.JSONDecodeError: Expecting property name enclosed in double quotes: line 5 column 1 (char 223)

During handling of the above exception, another exception occurred:

Traceback (most recent call last):
  File "T:\TunaProjects\FilterSortModules\venv\Lib\site-packages\flask\wrappers.py", line 131, in on_json_loading_failed
    return super().on_json_loading_failed(e)
           ^^^^^^^^^^^^^^^^^^^^^^^^^^^^^^^^^
  File "T:\TunaProjects\FilterSortModules\venv\Lib\site-packages\werkzeug\wrappers\request.py", line 642, in on_json_loading_failed
    raise BadRequest(f"Failed to decode JSON object: {e}")
werkzeug.exceptions.BadRequest: 400 Bad Request: Failed to decode JSON object: Expecting property name enclosed in double quotes: line 5 column 1 (char 223)

The above exception was the direct cause of the following exception:

Traceback (most recent call last):
  File "T:\TunaProjects\FilterSortModules\rest_api\restapi.py", line 115, in multi_filter
    data = request.get_json()
           ^^^^^^^^^^^^^^^^^^
  File "T:\TunaProjects\FilterSortModules\venv\Lib\site-packages\werkzeug\wrappers\request.py", line 617, in get_json
    rv = self.on_json_loading_failed(e)
         ^^^^^^^^^^^^^^^^^^^^^^^^^^^^^^
  File "T:\TunaProjects\FilterSortModules\venv\Lib\site-packages\flask\wrappers.py", line 136, in on_json_loading_failed
    raise BadRequest() from e
werkzeug.exceptions.BadRequest: 400 Bad Request: The browser (or proxy) sent a request that this server could not understand.
------------------------------------------------------------
2024-08-03 11:40:42,943 - root - ERROR - Unexpected error occurred: 400 Bad Request: The browser (or proxy) sent a request that this server could not understand.
Traceback (most recent call last):
  File "T:\TunaProjects\FilterSortModules\venv\Lib\site-packages\werkzeug\wrappers\request.py", line 608, in get_json
    rv = self.json_module.loads(data)
         ^^^^^^^^^^^^^^^^^^^^^^^^^^^^
  File "T:\TunaProjects\FilterSortModules\venv\Lib\site-packages\flask\json\provider.py", line 187, in loads
    return json.loads(s, **kwargs)
           ^^^^^^^^^^^^^^^^^^^^^^^
  File "C:\Users\tuna\AppData\Local\Programs\Python\Python311\Lib\json\__init__.py", line 346, in loads
    return _default_decoder.decode(s)
           ^^^^^^^^^^^^^^^^^^^^^^^^^^
  File "C:\Users\tuna\AppData\Local\Programs\Python\Python311\Lib\json\decoder.py", line 337, in decode
    obj, end = self.raw_decode(s, idx=_w(s, 0).end())
               ^^^^^^^^^^^^^^^^^^^^^^^^^^^^^^^^^^^^^^
  File "C:\Users\tuna\AppData\Local\Programs\Python\Python311\Lib\json\decoder.py", line 353, in raw_decode
    obj, end = self.scan_once(s, idx)
               ^^^^^^^^^^^^^^^^^^^^^^
json.decoder.JSONDecodeError: Expecting property name enclosed in double quotes: line 5 column 1 (char 223)

During handling of the above exception, another exception occurred:

Traceback (most recent call last):
  File "T:\TunaProjects\FilterSortModules\venv\Lib\site-packages\flask\wrappers.py", line 131, in on_json_loading_failed
    return super().on_json_loading_failed(e)
           ^^^^^^^^^^^^^^^^^^^^^^^^^^^^^^^^^
  File "T:\TunaProjects\FilterSortModules\venv\Lib\site-packages\werkzeug\wrappers\request.py", line 642, in on_json_loading_failed
    raise BadRequest(f"Failed to decode JSON object: {e}")
werkzeug.exceptions.BadRequest: 400 Bad Request: Failed to decode JSON object: Expecting property name enclosed in double quotes: line 5 column 1 (char 223)

The above exception was the direct cause of the following exception:

Traceback (most recent call last):
  File "T:\TunaProjects\FilterSortModules\rest_api\restapi.py", line 115, in multi_filter
    data = request.get_json()
           ^^^^^^^^^^^^^^^^^^
  File "T:\TunaProjects\FilterSortModules\venv\Lib\site-packages\werkzeug\wrappers\request.py", line 617, in get_json
    rv = self.on_json_loading_failed(e)
         ^^^^^^^^^^^^^^^^^^^^^^^^^^^^^^
  File "T:\TunaProjects\FilterSortModules\venv\Lib\site-packages\flask\wrappers.py", line 136, in on_json_loading_failed
    raise BadRequest() from e
werkzeug.exceptions.BadRequest: 400 Bad Request: The browser (or proxy) sent a request that this server could not understand.
------------------------------------------------------------
2024-08-03 11:40:42,958 - werkzeug - INFO - 127.0.0.1 - - [03/Aug/2024 11:40:42] "[35m[1mPOST /filtermanager/multi_filter HTTP/1.1[0m" 500 -
2024-08-03 11:40:42,958 - werkzeug - INFO - 127.0.0.1 - - [03/Aug/2024 11:40:42] "[35m[1mPOST /filtermanager/multi_filter HTTP/1.1[0m" 500 -
2024-08-03 11:40:57,122 - werkzeug - INFO - 127.0.0.1 - - [03/Aug/2024 11:40:57] "POST /filtermanager/multi_filter HTTP/1.1" 200 -
2024-08-03 11:40:57,122 - werkzeug - INFO - 127.0.0.1 - - [03/Aug/2024 11:40:57] "POST /filtermanager/multi_filter HTTP/1.1" 200 -
